c:\dev\smileengine\build\bin-int\debug-x64\smile-raster\devicecontext.cu.obj
c:\dev\smileengine\build\bin-int\debug-x64\smile-raster\fine_rasterizer.cu.obj
c:\dev\smileengine\build\bin-int\debug-x64\smile-raster\input_assembler.cu.obj
c:\dev\smileengine\build\bin-int\debug-x64\smile-raster\primitive_assembler.cu.obj
c:\dev\smileengine\build\bin-int\debug-x64\smile-raster\pixel_shader.cu.obj
c:\dev\smileengine\build\bin-int\debug-x64\smile-raster\bin_rasterizer.cu.obj
c:\dev\smileengine\build\bin-int\debug-x64\smile-raster\rasterizer_stage.cu.obj
c:\dev\smileengine\build\bin-int\debug-x64\smile-raster\vertex_shader.cu.obj
c:\dev\smileengine\build\bin-int\debug-x64\smile-raster\rasterizer.cu.obj
c:\dev\smileengine\build\bin\debug-x64\smile-raster\smile-raster.lib
c:\dev\smileengine\build\bin-int\debug-x64\smile-raster\binrasterizer.cu.cache
c:\dev\smileengine\build\bin-int\debug-x64\smile-raster\bin_rasterizer.cu.cache
c:\dev\smileengine\build\bin-int\debug-x64\smile-raster\devicecontext.cu.cache
c:\dev\smileengine\build\bin-int\debug-x64\smile-raster\finerasterizer.cu.cache
c:\dev\smileengine\build\bin-int\debug-x64\smile-raster\fine_rasterizer.cu.cache
c:\dev\smileengine\build\bin-int\debug-x64\smile-raster\inputassembler.cu.cache
c:\dev\smileengine\build\bin-int\debug-x64\smile-raster\input_assembler.cu.cache
c:\dev\smileengine\build\bin-int\debug-x64\smile-raster\pixelshader.cu.cache
c:\dev\smileengine\build\bin-int\debug-x64\smile-raster\pixel_shader.cu.cache
c:\dev\smileengine\build\bin-int\debug-x64\smile-raster\primitiveassembler.cu.cache
c:\dev\smileengine\build\bin-int\debug-x64\smile-raster\primitive_assembler.cu.cache
c:\dev\smileengine\build\bin-int\debug-x64\smile-raster\rasterizer.cu.cache
c:\dev\smileengine\build\bin-int\debug-x64\smile-raster\rasterizerstage.cu.cache
c:\dev\smileengine\build\bin-int\debug-x64\smile-raster\rasterizer_stage.cu.cache
c:\dev\smileengine\build\bin-int\debug-x64\smile-raster\vertexshader.cu.cache
c:\dev\smileengine\build\bin-int\debug-x64\smile-raster\vertex_shader.cu.cache
c:\dev\smileengine\build\bin-int\debug-x64\smile-raster\binrasterizer.cu.obj
c:\dev\smileengine\build\bin-int\debug-x64\smile-raster\finerasterizer.cu.obj
c:\dev\smileengine\build\bin-int\debug-x64\smile-raster\glm.obj
c:\dev\smileengine\build\bin-int\debug-x64\smile-raster\inputassembler.cu.obj
c:\dev\smileengine\build\bin-int\debug-x64\smile-raster\pixelshader.cu.obj
c:\dev\smileengine\build\bin-int\debug-x64\smile-raster\primitiveassembler.cu.obj
c:\dev\smileengine\build\bin-int\debug-x64\smile-raster\rasterizerstage.cu.obj
c:\dev\smileengine\build\bin-int\debug-x64\smile-raster\vertexshader.cu.obj
c:\dev\smileengine\build\bin\debug-x64\smile-raster\smile-raster.pdb
c:\dev\smileengine\build\bin-int\debug-x64\smile-raster\smile-raster.tlog\cl.command.1.tlog
c:\dev\smileengine\build\bin-int\debug-x64\smile-raster\smile-raster.tlog\cudacompile.read.1u.tlog
c:\dev\smileengine\build\bin-int\debug-x64\smile-raster\smile-raster.tlog\cudacompile.write.1u.tlog
c:\dev\smileengine\build\bin-int\debug-x64\smile-raster\smile-raster.tlog\lib-link.read.1.tlog
c:\dev\smileengine\build\bin-int\debug-x64\smile-raster\smile-raster.tlog\lib-link.write.1.tlog
c:\dev\smileengine\build\bin-int\debug-x64\smile-raster\smile-raster.tlog\lib.command.1.tlog
