 PhysXCooking_64

 Timestamp is 62087ca5 (Sun Feb 13 04:36:05 2022)

 Preferred load address is 0000000180000000

 Start         Length     Name                   Class
 0001:00000000 000003c0H .text$di                CODE
 0001:000003c0 00028e50H .text$mn                CODE
 0001:00029210 00000036H .text$mn$00             CODE
 0001:00029246 00000092H .text$x                 CODE
 0002:00000000 00000180H .idata$5                DATA
 0002:00000180 00000028H .00cfg                  DATA
 0002:000001a8 00000008H .CRT$XCA                DATA
 0002:000001b0 000001e0H .CRT$XCU                DATA
 0002:00000390 00000008H .CRT$XCZ                DATA
 0002:00000398 00000008H .CRT$XIA                DATA
 0002:000003a0 00000008H .CRT$XIZ                DATA
 0002:000003a8 00000008H .CRT$XPA                DATA
 0002:000003b0 00000008H .CRT$XPZ                DATA
 0002:000003b8 00000008H .CRT$XTA                DATA
 0002:000003c0 00000010H .CRT$XTZ                DATA
 0002:000003c8 00000000H .gehcont$y              DATA
 0002:000003c8 00000000H .gfids$y                DATA
 0002:000003d0 00001cb0H .rdata                  DATA
 0002:00002080 00000000H .rdata$CastGuardVftablesA DATA
 0002:00002080 00000000H .rdata$CastGuardVftablesC DATA
 0002:00002080 00000074H .rdata$r                DATA
 0002:000020f4 0000039cH .rdata$zzzdbg           DATA
 0002:00002490 00000008H .rtc$IAA                DATA
 0002:00002498 00000008H .rtc$IZZ                DATA
 0002:000024a0 00000008H .rtc$TAA                DATA
 0002:000024a8 00000008H .rtc$TZZ                DATA
 0002:000024b0 00002d28H .xdata                  DATA
 0002:000051d8 00000040H .didat$2                DATA
 0002:00005218 00000020H .didat$3                DATA
 0002:00005238 00000188H .didat$4                DATA
 0002:000053c0 00000950H .didat$6                DATA
 0002:00005d10 00000190H .didat$7                DATA
 0002:00005ea0 00001d00H .edata                  DATA
 0002:00007ba0 00000078H .idata$2                DATA
 0002:00007c18 00000018H .idata$3                DATA
 0002:00007c30 00000180H .idata$4                DATA
 0002:00007db0 000003d4H .idata$6                DATA
 0003:00000000 00000070H .data                   DATA
 0003:00000070 00000598H .data$r                 DATA
 0003:00000608 00000020H .data$rs                DATA
 0003:00000628 00000188H .didat$5                DATA
 0003:000007b0 000004a0H .bss                    DATA
 0004:00000000 00001e84H .pdata                  DATA
 0005:00000000 00002208H _RDATA                  DATA
 0006:00000000 000000a0H .rsrc$01                DATA
 0006:000000a0 000004b0H .rsrc$02                DATA

  Address         Publics by Value              Rva+Base               Lib:Object

 0000:00000000       __arm64x_extra_rfe_table_size 0000000000000000     <absolute>
 0000:00000000       __hybrid_auxiliary_iat     0000000000000000     <absolute>
 0000:00000000       __AbsoluteZero             0000000000000000     <absolute>
 0000:00000000       __guard_eh_cont_count      0000000000000000     <absolute>
 0000:00000000       __dynamic_value_reloc_table 0000000000000000     <absolute>
 0000:00000000       __guard_longjmp_count      0000000000000000     <absolute>
 0000:00000000       __guard_iat_count          0000000000000000     <absolute>
 0000:00000000       ___safe_se_handler_count   0000000000000000     <absolute>
 0000:00000000       __volatile_metadata        0000000000000000     <absolute>
 0000:00000000       __guard_check_icall_a64n_fptr 0000000000000000     <absolute>
 0000:00000000       __hybrid_code_map          0000000000000000     <absolute>
 0000:00000000       __guard_fids_table         0000000000000000     <absolute>
 0000:00000000       __guard_iat_table          0000000000000000     <absolute>
 0000:00000000       __arm64x_extra_rfe_table   0000000000000000     <absolute>
 0000:00000000       __arm64x_redirection_metadata 0000000000000000     <absolute>
 0000:00000000       __hybrid_auxiliary_iat_copy 0000000000000000     <absolute>
 0000:00000000       __guard_fids_count         0000000000000000     <absolute>
 0000:00000000       __x64_code_ranges_to_entry_points_count 0000000000000000     <absolute>
 0000:00000000       __arm64x_redirection_metadata_count 0000000000000000     <absolute>
 0000:00000000       __enclave_config           0000000000000000     <absolute>
 0000:00000000       ___safe_se_handler_table   0000000000000000     <absolute>
 0000:00000000       __x64_code_ranges_to_entry_points 0000000000000000     <absolute>
 0000:00000000       __guard_eh_cont_table      0000000000000000     <absolute>
 0000:00000000       __guard_longjmp_table      0000000000000000     <absolute>
 0000:00000000       __arm64x_native_entrypoint 0000000000000000     <absolute>
 0000:00000000       __hybrid_code_map_count    0000000000000000     <absolute>
 0000:00000100       __guard_flags              0000000000000100     <absolute>
 0000:00000000       __ImageBase                0000000180000000     <linker-defined>
 0001:000003c0       ??$?_UV?$ReflectionAllocator@VAdjTriangle@physx@@@shdfnd@physx@@@UserAllocated@shdfnd@physx@@SAPEAX_KV?$ReflectionAllocator@VAdjTriangle@physx@@@12@PEBDH@Z 00000001800013c0 f i Adjacencies.obj
 0001:00000460       ??0AdjacenciesBuilder@physx@@QEAA@XZ 0000000180001460 f   Adjacencies.obj
 0001:00000470       ??0AABBTreeBuildNode@Gu@physx@@QEAA@XZ 0000000180001470 f i BVHStructureBuilder.obj
 0001:00000470       ?getAABB@AABBTreeBuildNode@Gu@physx@@QEBAAEBVPxBounds3@3@XZ 0000000180001470 f i BVHStructureBuilder.obj
 0001:00000470       ??0BigConvexData@physx@@QEAA@W4PxEMPTY@1@@Z 0000000180001470 f i BigConvexDataBuilder.obj
 0001:00000470       ??0Box@Gu@physx@@QEAA@XZ   0000000180001470 f i ConvexHullUtils.obj
 0001:00000470       ??4Allocator@shdfnd@physx@@QEAAAEAV012@$$QEAV012@@Z 0000000180001470 f i Adjacencies.obj
 0001:00000470       ??0Allocator@shdfnd@physx@@QEAA@PEBD@Z 0000000180001470 f i Adjacencies.obj
 0001:00000470       ??4PxFoundation@physx@@QEAAAEAV01@AEBV01@@Z 0000000180001470 f i Adjacencies.obj
 0001:00000470       ?getPaddedBounds@HeightFieldData@Gu@physx@@QEBAAEBVCenterExtentsPadded@23@XZ 0000000180001470 f i Cooking.obj
 0001:00000470       ??0HeightFieldData@Gu@physx@@QEAA@W4PxEMPTY@2@@Z 0000000180001470 f i Cooking.obj
 0001:00000470       ??4MutexImpl@shdfnd@physx@@QEAAAEAV012@AEBV012@@Z 0000000180001470 f i Adjacencies.obj
 0001:00000470       ??4Allocator@shdfnd@physx@@QEAAAEAV012@AEBV012@@Z 0000000180001470 f i Adjacencies.obj
 0001:00000480       ??0PxFoundation@physx@@QEAA@AEBV01@@Z 0000000180001480 f i Adjacencies.obj
 0001:00000480       ??0PxFoundation@physx@@QEAA@XZ 0000000180001480 f i Adjacencies.obj
 0001:00000490       ??1Adjacencies@physx@@QEAA@XZ 0000000180001490 f   Adjacencies.obj
 0001:00000500       ??1AdjacenciesBuilder@physx@@QEAA@XZ 0000000180001500 f   Adjacencies.obj
 0001:00000510       ??1PxFoundation@physx@@MEAA@XZ 0000000180001510 f i Adjacencies.obj
 0001:00000520       ??_EPxFoundation@physx@@MEAAPEAXI@Z 0000000180001520 f i Adjacencies.obj
 0001:000005b0       ??_FAllocator@shdfnd@physx@@QEAAXXZ 00000001800015b0 f i Adjacencies.obj
 0001:000005b0       ??1HeightFieldData@Gu@physx@@QEAA@XZ 00000001800015b0 f i Cooking.obj
 0001:000005b0       ??1BigConvexDataBuilder@physx@@QEAA@XZ 00000001800015b0 f i BigConvexDataBuilder.obj
 0001:000005b0       _guard_check_icall_nop     00000001800015b0 f i MSVCRT:guard_support.obj
 0001:000005b0       ??1AABBTreeBuildNode@Gu@physx@@QEAA@XZ 00000001800015b0 f i BVHStructureBuilder.obj
 0001:000005b0       ?onMeshIndexFormatChange@TriangleMeshBuilder@physx@@UEAAXXZ 00000001800015b0 f i TriangleMeshBuilder.obj
 0001:000005b0       ??1Box@Gu@physx@@QEAA@XZ   00000001800015b0 f i ConvexHullUtils.obj
 0001:000005c0       ?ComputeNbBoundaryEdges@Adjacencies@physx@@QEBAIXZ 00000001800015c0 f   Adjacencies.obj
 0001:000008a0       ?GetNbHits@RadixSort@Cm@physx@@QEBAIXZ 00000001800018a0 f i Adjacencies.obj
 0001:000008b0       ?GetNbTotalCalls@RadixSort@Cm@physx@@QEBAIXZ 00000001800018b0 f i Adjacencies.obj
 0001:000008c0       ?GetRanks@RadixSort@Cm@physx@@QEBAPEBIXZ 00000001800018c0 f i Adjacencies.obj
 0001:000008c0       ?getErrorCallback@Foundation@shdfnd@physx@@UEAAAEAVPxErrorCallback@3@XZ 00000001800018c0 f i Adjacencies.obj
 0001:000008d0       ?getPos@AABBTreeBuildNode@Gu@physx@@QEBAPEBV123@XZ 00000001800018d0 f i BVHStructureBuilder.obj
 0001:000008d0       ?GetValencies@BigConvexData@physx@@QEBAPEBUValency@Gu@2@XZ 00000001800018d0 f i BigConvexDataBuilder.obj
 0001:000008d0       ?GetRecyclable@RadixSort@Cm@physx@@QEBAPEAIXZ 00000001800018d0 f i Adjacencies.obj
 0001:000008e0       ?Init@AdjacenciesBuilder@physx@@QEAA_NAEBUADJACENCIESCREATE@2@@Z 00000001800018e0 f   Adjacencies.obj
 0001:00000e90       ?getAllocator@Foundation@shdfnd@physx@@QEAAAEAVPxAllocatorCallback@3@XZ 0000000180001e90 f i Adjacencies.obj
 0001:00000ea0       ?getAllocatorCallback@Foundation@shdfnd@physx@@UEAAAEAVPxAllocatorCallback@3@XZ 0000000180001ea0 f i Adjacencies.obj
 0001:00000eb0       ?getErrorLevel@Foundation@shdfnd@physx@@UEBA?AW4Enum@PxErrorCode@3@XZ 0000000180001eb0 f i Adjacencies.obj
 0001:00000ec0       ?getInternalErrorCallback@Foundation@shdfnd@physx@@QEAAAEAVPxErrorCallback@3@XZ 0000000180001ec0 f i Adjacencies.obj
 0001:00000ed0       ?getNamedAllocMap@Foundation@shdfnd@physx@@QEAAAEAV?$HashMap@PEBVNamedAllocator@shdfnd@physx@@PEBDU?$Hash@PEBVNamedAllocator@shdfnd@physx@@@23@VNonTrackingAllocator@23@@23@XZ 0000000180001ed0 f i Adjacencies.obj
 0001:00000ee0       ?getNamedAllocMutex@Foundation@shdfnd@physx@@QEAAAEAV?$MutexT@VAllocator@shdfnd@physx@@@23@XZ 0000000180001ee0 f i Adjacencies.obj
 0001:00000ef0       ?getReportAllocationNames@Foundation@shdfnd@physx@@UEBA_NXZ 0000000180001ef0 f i Adjacencies.obj
 0001:00000f00       ?getTempAllocFreeTable@Foundation@shdfnd@physx@@QEAAAEAV?$Array@PEATTempAllocatorChunk@shdfnd@physx@@VAllocator@23@@23@XZ 0000000180001f00 f i Adjacencies.obj
 0001:00000f10       ?getTempAllocMutex@Foundation@shdfnd@physx@@QEAAAEAV?$MutexT@VAllocator@shdfnd@physx@@@23@XZ 0000000180001f10 f i Adjacencies.obj
 0001:00000f20       ?invalidateRanks@RadixSort@Cm@physx@@QEAAXXZ 0000000180001f20 f i Adjacencies.obj
 0001:00000f30       ?setErrorLevel@Foundation@shdfnd@physx@@UEAAXW4Enum@PxErrorCode@3@@Z 0000000180001f30 f i Adjacencies.obj
 0001:00000f40       ?setReportAllocationNames@Foundation@shdfnd@physx@@UEAAX_N@Z 0000000180001f40 f i Adjacencies.obj
 0001:00000f50       ??0DebugText@Cm@physx@@QEAA@$$QEAU012@@Z 0000000180001f50 f i Cooking.obj
 0001:00000f50       ??0DebugText@Cm@physx@@QEAA@AEBU012@@Z 0000000180001f50 f i Cooking.obj
 0001:00001030       ??0HeightFieldData@Gu@physx@@QEAA@AEBU012@@Z 0000000180002030 f i Cooking.obj
 0001:00001030       ??0HeightFieldData@Gu@physx@@QEAA@$$QEAU012@@Z 0000000180002030 f i Cooking.obj
 0001:00001030       ??4HeightFieldData@Gu@physx@@QEAAAEAU012@AEBU012@@Z 0000000180002030 f i Cooking.obj
 0001:00001030       ??4HeightFieldData@Gu@physx@@QEAAAEAU012@$$QEAU012@@Z 0000000180002030 f i Cooking.obj
 0001:00001090       ??0HeightFieldData@Gu@physx@@QEAA@XZ 0000000180002090 f i Cooking.obj
 0001:000010a0       ??0RenderOutput@Cm@physx@@QEAA@AEAVRenderBuffer@12@@Z 00000001800020a0 f i Cooking.obj
 0001:000010f0       ??0RenderOutput@Cm@physx@@QEAA@AEBV012@@Z 00000001800020f0 f i Cooking.obj
 0001:00001190       ??1PxHeightField@physx@@MEAA@XZ 0000000180002190 f i Cooking.obj
 0001:00001190       ??1PxConvexMesh@physx@@MEAA@XZ 0000000180002190 f i Cooking.obj
 0001:000011a0       ??4DebugText@Cm@physx@@QEAAAEAU012@AEBU012@@Z 00000001800021a0 f i Cooking.obj
 0001:000011a0       ??4DebugText@Cm@physx@@QEAAAEAU012@$$QEAU012@@Z 00000001800021a0 f i Cooking.obj
 0001:000012d0       ??4FPUGuard@shdfnd@physx@@QEAAAEAV012@AEBV012@@Z 00000001800022d0 f i Cooking.obj
 0001:000012f0       ??_ECooking@physx@@UEAAPEAXI@Z 00000001800022f0 f i Cooking.obj
 0001:000012f0       ??_GCooking@physx@@UEAAPEAXI@Z 00000001800022f0 f i Cooking.obj
 0001:00001340       ??_EPxBase@physx@@MEAAPEAXI@Z 0000000180002340 f i Cooking.obj
 0001:00001340       ??_GPxBase@physx@@MEAAPEAXI@Z 0000000180002340 f i Cooking.obj
 0001:00001370       ??_EPxCooking@physx@@MEAAPEAXI@Z 0000000180002370 f i Cooking.obj
 0001:00001370       ??_GPxCooking@physx@@MEAAPEAXI@Z 0000000180002370 f i Cooking.obj
 0001:000013a0       ?allocate@?$Array@UPxDebugLine@physx@@V?$ReflectionAllocator@UPxDebugLine@physx@@@shdfnd@2@@shdfnd@physx@@IEAAPEAUPxDebugLine@3@I@Z 00000001800023a0 f i Cooking.obj
 0001:00001440       ?computeHullPolygons@Cooking@physx@@UEBA_NAEBVPxSimpleTriangleMesh@2@AEAVPxAllocatorCallback@2@AEAIAEAPEAVPxVec3@2@2AEAPEAI2AEAPEAUPxHullPolygon@2@@Z 0000000180002440 f   Cooking.obj
 0001:00001620       ?cookBVHStructure@Cooking@physx@@UEBA_NAEBVPxBVHStructureDesc@2@AEAVPxOutputStream@2@@Z 0000000180002620 f   Cooking.obj
 0001:000016d0       ?cookConvexMesh@Cooking@physx@@UEBA_NAEBVPxConvexMeshDesc@2@AEAVPxOutputStream@2@PEAW4Enum@PxConvexMeshCookingResult@2@@Z 00000001800026d0 f   Cooking.obj
 0001:000018b0       ?cookConvexMeshInternal@Cooking@physx@@AEBA_NAEBVPxConvexMeshDesc@2@AEAVConvexMeshBuilder@2@PEAVConvexHullLib@2@PEAW4Enum@PxConvexMeshCookingResult@2@@Z 00000001800028b0 f   Cooking.obj
 0001:00001b20       ?cookHeightField@Cooking@physx@@UEBA_NAEBVPxHeightFieldDesc@2@AEAVPxOutputStream@2@@Z 0000000180002b20 f   Cooking.obj
 0001:00001bf0       ?cookTriangleMesh@Cooking@physx@@UEBA_NAEBVPxTriangleMeshDesc@2@AEAVPxOutputStream@2@PEAW4Enum@PxTriangleMeshCookingResult@2@@Z 0000000180002bf0 f   Cooking.obj
 0001:00001d30       ?copy@?$Array@UPxDebugLine@physx@@V?$ReflectionAllocator@UPxDebugLine@physx@@@shdfnd@2@@shdfnd@physx@@KAXPEAUPxDebugLine@3@0PEBU43@@Z 0000000180002d30 f i Cooking.obj
 0001:00001ee0       ?createBVHStructure@Cooking@physx@@UEBAPEAVPxBVHStructure@2@AEBVPxBVHStructureDesc@2@AEAVPxPhysicsInsertionCallback@2@@Z 0000000180002ee0 f   Cooking.obj
 0001:00001f90       ?createConvexMesh@Cooking@physx@@UEBAPEAVPxConvexMesh@2@AEBVPxConvexMeshDesc@2@AEAVPxPhysicsInsertionCallback@2@PEAW4Enum@PxConvexMeshCookingResult@2@@Z 0000000180002f90 f   Cooking.obj
 0001:00002190       ?createHeightField@Cooking@physx@@UEBAPEAVPxHeightField@2@AEBVPxHeightFieldDesc@2@AEAVPxPhysicsInsertionCallback@2@@Z 0000000180003190 f   Cooking.obj
 0001:000022f0       ?createTriangleMesh@Cooking@physx@@UEBAPEAVPxTriangleMesh@2@AEBVPxTriangleMeshDesc@2@AEAVPxPhysicsInsertionCallback@2@PEAW4Enum@PxTriangleMeshCookingResult@2@@Z 00000001800032f0 f   Cooking.obj
 0001:00002440       ?getConcreteTypeName@PxConvexMesh@physx@@UEBAPEBDXZ 0000000180003440 f i Cooking.obj
 0001:00002450       ?getConcreteTypeName@PxHeightField@physx@@UEBAPEBDXZ 0000000180003450 f i Cooking.obj
 0001:00002460       ?getConvexEdgeThreshold@HeightField@Gu@physx@@UEBAMXZ 0000000180003460 f i Cooking.obj
 0001:00002470       ?getFlags@HeightField@Gu@physx@@UEBA?AV?$PxFlags@W4Enum@PxHeightFieldFlag@physx@@G@3@XZ 0000000180003470 f i Cooking.obj
 0001:00002480       ?getFormat@HeightField@Gu@physx@@UEBA?AW4Enum@PxHeightFieldFormat@3@XZ 0000000180003480 f i Cooking.obj
 0001:00002490       ?getHeight@HeightField@Gu@physx@@UEBAMMM@Z 0000000180003490 f i Cooking.obj
 0001:000024d0       ?getHeightInternal2@HeightField@Gu@physx@@QEBAMIMM@Z 00000001800034d0 f i Cooking.obj
 0001:00002640       ?getIndexBuffer@ConvexMesh@Gu@physx@@UEBAPEBEXZ 0000000180003640 f i Cooking.obj
 0001:00002680       ?getNbColumns@HeightField@Gu@physx@@UEBAIXZ 0000000180003680 f i Cooking.obj
 0001:00002690       ?getNbPolygons@ConvexMesh@Gu@physx@@UEBAIXZ 0000000180003690 f i Cooking.obj
 0001:000026a0       ?getNbRows@HeightField@Gu@physx@@UEBAIXZ 00000001800036a0 f i Cooking.obj
 0001:000026b0       ?getNbVertices@ConvexMesh@Gu@physx@@UEBAIXZ 00000001800036b0 f i Cooking.obj
 0001:000026c0       ?getDenormalizeScale@QuantizerImpl@@UEBAAEBVPxVec3@physx@@XZ 00000001800036c0 f   Quantizer.obj
 0001:000026c0       ?getParams@Cooking@physx@@UEBAAEBUPxCookingParams@2@XZ 00000001800036c0 f   Cooking.obj
 0001:000026d0       ?getSample@HeightField@Gu@physx@@UEBAAEBUPxHeightFieldSample@3@II@Z 00000001800036d0 f i Cooking.obj
 0001:000026e0       ?getSampleStride@HeightField@Gu@physx@@UEBAIXZ 00000001800036e0 f i Cooking.obj
 0001:000026f0       ?getTimestamp@HeightField@Gu@physx@@UEBAIXZ 00000001800036f0 f i Cooking.obj
 0001:00002700       ?getTriangleMaterialIndex@HeightField@Gu@physx@@UEBAGI@Z 0000000180003700 f i Cooking.obj
 0001:00002730       ?getTriangleNormal@HeightField@Gu@physx@@UEBA?AVPxVec3@3@I@Z 0000000180003730 f i Cooking.obj
 0001:00002830       ?getVertices@ConvexMesh@Gu@physx@@UEBAPEBVPxVec3@3@XZ 0000000180003830 f i Cooking.obj
 0001:00002850       ?isKindOf@PxBase@physx@@MEBA_NPEBD@Z 0000000180003850 f i Cooking.obj
 0001:00002880       ?isKindOf@PxConvexMesh@physx@@MEBA_NPEBD@Z 0000000180003880 f i Cooking.obj
 0001:000028d0       ?isKindOf@PxHeightField@physx@@MEBA_NPEBD@Z 00000001800038d0 f i Cooking.obj
 0001:00002920       ?isReleasable@PxBase@physx@@UEBA_NXZ 0000000180003920 f i Cooking.obj
 0001:00002930       ?outputSegment@RenderOutput@Cm@physx@@QEAAXAEBVPxVec3@3@0@Z 0000000180003930 f i Cooking.obj
 0001:000029f0       ?platformMismatch@Cooking@physx@@UEBA_NXZ 00000001800039f0 f   Cooking.obj
 0001:00002a00       ?preExportDataReset@ConvexMesh@Gu@physx@@QEAAXXZ 0000000180003a00 f i Cooking.obj
 0001:00002a00       ?preExportDataReset@HeightField@Gu@physx@@QEAAXXZ 0000000180003a00 f i Cooking.obj
 0001:00002a10       ?recreate@?$Array@UPxDebugLine@physx@@V?$ReflectionAllocator@UPxDebugLine@physx@@@shdfnd@2@@shdfnd@physx@@IEAAXI@Z 0000000180003a10 f i Cooking.obj
 0001:00002aa0       ?release@Cooking@physx@@UEAAXXZ 0000000180003aa0 f   Cooking.obj
 0001:00002ac0       ?reserveSegments@RenderOutput@Cm@physx@@QEAAPEAUPxDebugLine@3@I@Z 0000000180003ac0 f i Cooking.obj
 0001:00002b30       ?setParams@Cooking@physx@@UEAAXAEBUPxCookingParams@2@@Z 0000000180003b30 f   Cooking.obj
 0001:00002b90       ?validateConvexMesh@Cooking@physx@@UEBA_NAEBVPxConvexMeshDesc@2@@Z 0000000180003b90 f   Cooking.obj
 0001:00002bf0       ?validateTriangleMesh@Cooking@physx@@UEBA_NAEBVPxTriangleMeshDesc@2@@Z 0000000180003bf0 f   Cooking.obj
 0001:00002d00       PxCreateCooking            0000000180003d00 f   Cooking.obj
 0001:00002df0       ??0ReducedVertexCloud@physx@@QEAA@PEBVPxVec3@1@I@Z 0000000180003df0 f   CookingUtils.obj
 0001:00002e10       ??1ReducedVertexCloud@physx@@QEAA@XZ 0000000180003e10 f   CookingUtils.obj
 0001:00002e20       ?Clean@ReducedVertexCloud@physx@@QEAAAEAV12@XZ 0000000180003e20 f   CookingUtils.obj
 0001:00002e90       ?Reduce@ReducedVertexCloud@physx@@QEAA_NPEAUREDUCEDCLOUD@2@@Z 0000000180003e90 f   CookingUtils.obj
 0001:000031b0       ??$?_UI@@YAPEAX_KV?$ReflectionAllocator@I@shdfnd@physx@@PEBDH@Z 00000001800041b0 f i EdgeList.obj
 0001:00003250       ??0EdgeListBuilder@Gu@physx@@QEAA@XZ 0000000180004250 f   EdgeList.obj
 0001:00003270       ??1EdgeList@Gu@physx@@QEAA@XZ 0000000180004270 f   EdgeList.obj
 0001:00003310       ??1EdgeListBuilder@Gu@physx@@QEAA@XZ 0000000180004310 f   EdgeList.obj
 0001:00003320       ?computeActiveEdges@EdgeListBuilder@Gu@physx@@AEAA_NIPEBIPEBGPEBVPxVec3@3@M@Z 0000000180004320 f   EdgeList.obj
 0001:00004960       ?createEdgesToFaces@EdgeListBuilder@Gu@physx@@AEAA_NIPEBIPEBG@Z 0000000180005960 f   EdgeList.obj
 0001:00004bc0       ?createFacesToEdges@EdgeListBuilder@Gu@physx@@AEAA_NIPEBIPEBG@Z 0000000180005bc0 f   EdgeList.obj
 0001:00005030       ?init@EdgeListBuilder@Gu@physx@@QEAA_NAEBUEDGELISTCREATE@23@@Z 0000000180006030 f   EdgeList.obj
 0001:00005160       ??0MeshCleaner@physx@@QEAA@IPEBVPxVec3@1@IPEBIM@Z 0000000180006160 f   MeshCleaner.obj
 0001:00005b00       ??1MeshCleaner@physx@@QEAA@XZ 0000000180006b00 f   MeshCleaner.obj
 0001:00005b90       ??$kmeans_cluster@VPxVec3@physx@@M@@YAIPEBVPxVec3@physx@@IIPEAV01@PEAIMM@Z 0000000180006b90 f i Quantizer.obj
 0001:000064b0       ??_GQuantizer@physx@@MEAAPEAXI@Z 00000001800074b0 f i Quantizer.obj
 0001:000064b0       ??_EQuantizer@physx@@MEAAPEAXI@Z 00000001800074b0 f i Quantizer.obj
 0001:000064e0       ??_GQuantizerImpl@@EEAAPEAXI@Z 00000001800074e0 f i Quantizer.obj
 0001:000064e0       ??_EQuantizerImpl@@EEAAPEAXI@Z 00000001800074e0 f i Quantizer.obj
 0001:000065b0       ?createQuantizer@physx@@YAPEAVQuantizer@1@XZ 00000001800075b0 f   Quantizer.obj
 0001:00006660       ?getDenormalizeCenter@QuantizerImpl@@UEBAAEBVPxVec3@physx@@XZ 0000000180007660 f i Quantizer.obj
 0001:00006670       ?growAndPushBack@?$Array@VPxVec3@physx@@V?$ReflectionAllocator@VPxVec3@physx@@@shdfnd@2@@shdfnd@physx@@IEAAAEAVPxVec3@3@AEBV43@@Z 0000000180007670 f i Quantizer.obj
 0001:00006840       ?kmeansQuantize3D@QuantizerImpl@@UEAAPEBVPxVec3@physx@@IPEBV23@I_NIAEAI@Z 0000000180007840 f i Quantizer.obj
 0001:00006aa0       ?normalizeInput@QuantizerImpl@@AEAAXIPEBVPxVec3@physx@@I@Z 0000000180007aa0 f i Quantizer.obj
 0001:00006ed0       ?release@QuantizerImpl@@UEAAXXZ 0000000180007ed0 f i Quantizer.obj
 0001:00006ef0       ??$copy@V?$ReflectionAllocator@USlab@NodeAllocator@Gu@physx@@@shdfnd@physx@@@?$Array@USlab@NodeAllocator@Gu@physx@@V?$ReflectionAllocator@USlab@NodeAllocator@Gu@physx@@@shdfnd@4@@shdfnd@physx@@IEAAXAEBV012@@Z 0000000180007ef0 f i BVHStructureBuilder.obj
 0001:00006f70       ??4AABBTreeBuildNode@Gu@physx@@QEAAAEAV012@AEBV012@@Z 0000000180007f70 f i BVHStructureBuilder.obj
 0001:00006f70       ??0AABBTreeBuildNode@Gu@physx@@QEAA@AEBV012@@Z 0000000180007f70 f i BVHStructureBuilder.obj
 0001:00006fb0       ??0AABBTreeBuildParams@Gu@physx@@QEAA@IIPEBVPxBounds3@2@@Z 0000000180007fb0 f i BVHStructureBuilder.obj
 0001:00006fd0       ??0BVHStructureBuilder@physx@@QEAA@XZ 0000000180007fd0 f   BVHStructureBuilder.obj
 0001:00006ff0       ??0BuildStats@Gu@physx@@QEAA@XZ 0000000180007ff0 f i BVHStructureBuilder.obj
 0001:00007000       ??0NodeAllocator@Gu@physx@@QEAA@AEBV012@@Z 0000000180008000 f i BVHStructureBuilder.obj
 0001:00007040       ?reset@AABBTreeBuildParams@Gu@physx@@QEAAXXZ 0000000180008040 f i BVHStructureBuilder.obj
 0001:00007040       ??1AABBTreeBuildParams@Gu@physx@@QEAA@XZ 0000000180008040 f i BVHStructureBuilder.obj
 0001:000070a0       ??1BVHStructureBuilder@physx@@QEAA@XZ 00000001800080a0 f   BVHStructureBuilder.obj
 0001:00007120       ??4AABBTreeBuildParams@Gu@physx@@QEAAAEAV012@AEBV012@@Z 0000000180008120 f i BVHStructureBuilder.obj
 0001:00007140       ??4BuildStats@Gu@physx@@QEAAAEAU012@$$QEAU012@@Z 0000000180008140 f i BVHStructureBuilder.obj
 0001:00007150       ??4BuildStats@Gu@physx@@QEAAAEAU012@AEBU012@@Z 0000000180008150 f i BVHStructureBuilder.obj
 0001:00007160       ??4NodeAllocator@Gu@physx@@QEAAAEAV012@AEBV012@@Z 0000000180008160 f i BVHStructureBuilder.obj
 0001:00007210       ??_FAABBTreeBuildParams@Gu@physx@@QEAAXXZ 0000000180008210 f i BVHStructureBuilder.obj
 0001:00007230       ??_V@YAXPEAX_K@Z           0000000180008230 f i MSVCRT:delete_array_size.obj
 0001:00007230       ?__global_delete@@YAXPEAX_K@Z 0000000180008230 f i BVHStructureBuilder.obj
 0001:00007240       ?allocate@?$Array@USlab@NodeAllocator@Gu@physx@@V?$ReflectionAllocator@USlab@NodeAllocator@Gu@physx@@@shdfnd@4@@shdfnd@physx@@IEAAPEAUSlab@NodeAllocator@Gu@3@I@Z 0000000180008240 f i BVHStructureBuilder.obj
 0001:000072e0       ?getCount@BuildStats@Gu@physx@@QEBAIXZ 00000001800082e0 f i BVHStructureBuilder.obj
 0001:000072f0       ?getNbPrimitives@AABBTreeBuildNode@Gu@physx@@QEBAIXZ 00000001800082f0 f i BVHStructureBuilder.obj
 0001:000072f0       ?getNbRuntimePrimitives@AABBTreeBuildNode@Gu@physx@@QEBAIXZ 00000001800082f0 f i BVHStructureBuilder.obj
 0001:00007300       ?getNeg@AABBTreeBuildNode@Gu@physx@@QEBAPEBV123@XZ 0000000180008300 f i BVHStructureBuilder.obj
 0001:00007320       ?getPrimitives@AABBTreeBuildNode@Gu@physx@@QEAAPEAIPEAI@Z 0000000180008320 f i BVHStructureBuilder.obj
 0001:00007320       ?getPrimitives@AABBTreeBuildNode@Gu@physx@@QEBAPEBIPEBI@Z 0000000180008320 f i BVHStructureBuilder.obj
 0001:00007330       ?increaseCount@BuildStats@Gu@physx@@QEAAXI@Z 0000000180008330 f i BVHStructureBuilder.obj
 0001:00007340       ?isLeaf@AABBTreeBuildNode@Gu@physx@@QEBA_NXZ 0000000180008340 f i BVHStructureBuilder.obj
 0001:00007350       ?loadFromDesc@BVHStructureBuilder@physx@@QEAA_NAEBVPxBVHStructureDesc@2@@Z 0000000180008350 f   BVHStructureBuilder.obj
 0001:00007820       ?moveData@BVHStructureBuilder@physx@@QEAAXAEAUBVHStructureData@Gu@2@@Z 0000000180008820 f   BVHStructureBuilder.obj
 0001:00007860       ?recreate@?$Array@USlab@NodeAllocator@Gu@physx@@V?$ReflectionAllocator@USlab@NodeAllocator@Gu@physx@@@shdfnd@4@@shdfnd@physx@@IEAAXI@Z 0000000180008860 f i BVHStructureBuilder.obj
 0001:00007910       ?reset@BuildStats@Gu@physx@@QEAAXXZ 0000000180008910 f i BVHStructureBuilder.obj
 0001:00007920       ?save@BVHStructureBuilder@physx@@QEBA_NAEAVPxOutputStream@2@_N@Z 0000000180008920 f   BVHStructureBuilder.obj
 0001:00007aa0       ?setCount@BuildStats@Gu@physx@@QEAAXI@Z 0000000180008aa0 f i BVHStructureBuilder.obj
 0001:00007ab0       ?setNbRunTimePrimitives@AABBTreeBuildNode@Gu@physx@@QEAAXI@Z 0000000180008ab0 f i BVHStructureBuilder.obj
 0001:00007ac0       ?saveHeightField@physx@@YA_NAEBVHeightField@Gu@1@AEAVPxOutputStream@1@_N@Z 0000000180008ac0 f   HeightFieldCooking.obj
 0001:00007d00       ??$quickSelectFirstK@UBoundsLTE@physx@@@quickSelect@physx@@YAXPEIAIIIIAEBUBoundsLTE@1@@Z 0000000180008d00 f i RTreeCooking.obj
 0001:00007ee0       ??$smallSort@I$$CBUSortBoundsPredicate@physx@@@internal@shdfnd@physx@@YAXPEAIHHAEBUSortBoundsPredicate@2@@Z 0000000180008ee0 f i RTreeCooking.obj
 0001:000081b0       ??$sort@IU?$Less@I@shdfnd@physx@@V?$ReflectionAllocator@I@23@@shdfnd@physx@@YAXPEAIIAEBU?$Less@I@01@AEBV?$ReflectionAllocator@I@01@I@Z 00000001800091b0 f i RTreeCooking.obj
 0001:00008600       ??$sort@IUSortBoundsPredicate@physx@@V?$ReflectionAllocator@I@shdfnd@2@@shdfnd@physx@@YAXPEAIIAEBUSortBoundsPredicate@1@AEBV?$ReflectionAllocator@I@01@I@Z 0000000180009600 f i RTreeCooking.obj
 0001:00008b00       ?allocate@?$Array@UInterval@physx@@V?$InlineAllocator@$0CAAA@V?$ReflectionAllocator@UInterval@physx@@@shdfnd@physx@@@shdfnd@2@@shdfnd@physx@@IEAAPEAUInterval@3@I@Z 0000000180009b00 f i RTreeCooking.obj
 0001:00008bc0       ?allocate@?$Array@UPxBounds3V@physx@@V?$ReflectionAllocator@UPxBounds3V@physx@@@shdfnd@2@@shdfnd@physx@@IEAAPEAUPxBounds3V@3@I@Z 0000000180009bc0 f i RTreeCooking.obj
 0001:00008c60       ?allocate@?$Array@URTreeNodeNQ@physx@@V?$ReflectionAllocator@URTreeNodeNQ@physx@@@shdfnd@2@@shdfnd@physx@@IEAAPEAURTreeNodeNQ@3@I@Z 0000000180009c60 f i RTreeCooking.obj
 0001:00008d00       ?allocate@?$Array@URTreeNodeQ@Gu@physx@@V?$ReflectionAllocator@URTreeNodeQ@Gu@physx@@@shdfnd@3@@shdfnd@physx@@IEAAPEAURTreeNodeQ@Gu@3@I@Z 0000000180009d00 f i RTreeCooking.obj
 0001:00008da0       ?allocate@?$Array@VPxVec3@physx@@V?$ReflectionAllocator@VPxVec3@physx@@@shdfnd@2@@shdfnd@physx@@IEAAPEAVPxVec3@3@I@Z 0000000180009da0 f i RTreeCooking.obj
 0001:00008e40       ?allocate@?$ReflectionAllocator@I@shdfnd@physx@@QEAAPEAX_KPEBDH@Z 0000000180009e40 f i RTreeCooking.obj
 0001:00009b10       ?buildFromTriangles@RTreeCooker@physx@@SAXAEAURTree@Gu@2@PEBVPxVec3@2@IPEBGPEBIIAEAV?$Array@IV?$ReflectionAllocator@I@shdfnd@physx@@@shdfnd@2@PEAURemapCallback@12@MW4Enum@PxMeshCookingHint@2@@Z 000000018000ab10 f   RTreeCooking.obj
 0001:00009db0       ?copy@?$Array@URTreeNodeNQ@physx@@V?$ReflectionAllocator@URTreeNodeNQ@physx@@@shdfnd@2@@shdfnd@physx@@KAXPEAURTreeNodeNQ@3@0PEBU43@@Z 000000018000adb0 f i RTreeCooking.obj
 0001:00009f70       ?copy@?$Array@VPxVec3@physx@@V?$ReflectionAllocator@VPxVec3@physx@@@shdfnd@2@@shdfnd@physx@@KAXPEAVPxVec3@3@0PEBV43@@Z 000000018000af70 f i RTreeCooking.obj
 0001:0000a040       ?growAndPushBack@?$Array@IV?$ReflectionAllocator@I@shdfnd@physx@@@shdfnd@physx@@IEAAAEAIAEBI@Z 000000018000b040 f i RTreeCooking.obj
 0001:0000a110       ?growAndPushBack@?$Array@UInterval@physx@@V?$InlineAllocator@$0CAAA@V?$ReflectionAllocator@UInterval@physx@@@shdfnd@physx@@@shdfnd@2@@shdfnd@physx@@IEAAAEAUInterval@3@AEBU43@@Z 000000018000b110 f i RTreeCooking.obj
 0001:0000a1f0       ?growAndPushBack@?$Array@UPxBounds3V@physx@@V?$ReflectionAllocator@UPxBounds3V@physx@@@shdfnd@2@@shdfnd@physx@@IEAAAEAUPxBounds3V@3@AEBU43@@Z 000000018000b1f0 f i RTreeCooking.obj
 0001:0000a2c0       ?growAndPushBack@?$Array@URTreeNodeNQ@physx@@V?$ReflectionAllocator@URTreeNodeNQ@physx@@@shdfnd@2@@shdfnd@physx@@IEAAAEAURTreeNodeNQ@3@AEBU43@@Z 000000018000b2c0 f i RTreeCooking.obj
 0001:0000a390       ?growAndPushBack@?$Array@URTreeNodeQ@Gu@physx@@V?$ReflectionAllocator@URTreeNodeQ@Gu@physx@@@shdfnd@3@@shdfnd@physx@@IEAAAEAURTreeNodeQ@Gu@3@AEBU453@@Z 000000018000b390 f i RTreeCooking.obj
 0001:0000a470       ?recreate@?$Array@IV?$ReflectionAllocator@I@shdfnd@physx@@@shdfnd@physx@@IEAAXI@Z 000000018000b470 f i RTreeCooking.obj
 0001:0000a530       ?recreate@?$Array@UPxBounds3V@physx@@V?$ReflectionAllocator@UPxBounds3V@physx@@@shdfnd@2@@shdfnd@physx@@IEAAXI@Z 000000018000b530 f i RTreeCooking.obj
 0001:0000a5e0       ?recreate@?$Array@URTreeNodeNQ@physx@@V?$ReflectionAllocator@URTreeNodeNQ@physx@@@shdfnd@2@@shdfnd@physx@@IEAAXI@Z 000000018000b5e0 f i RTreeCooking.obj
 0001:0000a670       ?recreate@?$Array@URTreeNodeQ@Gu@physx@@V?$ReflectionAllocator@URTreeNodeQ@Gu@physx@@@shdfnd@3@@shdfnd@physx@@IEAAXI@Z 000000018000b670 f i RTreeCooking.obj
 0001:0000a730       ?recreate@?$Array@VPxVec3@physx@@V?$ReflectionAllocator@VPxVec3@physx@@@shdfnd@2@@shdfnd@physx@@IEAAXI@Z 000000018000b730 f i RTreeCooking.obj
 0001:0000a7c0       ?resize@?$Array@IV?$ReflectionAllocator@I@shdfnd@physx@@@shdfnd@physx@@QEAAXIAEBI@Z 000000018000b7c0 f i RTreeCooking.obj
 0001:0000a880       ?resizeUninitialized@?$Array@URTreeNodeNQ@physx@@V?$ReflectionAllocator@URTreeNodeNQ@physx@@@shdfnd@2@@shdfnd@physx@@QEAAXI@Z 000000018000b880 f i RTreeCooking.obj
 0001:0000a8c0       ?sort4@SubSortQuick@physx@@QEAAXPEIAIIAEAV?$Array@URTreeNodeNQ@physx@@V?$ReflectionAllocator@URTreeNodeNQ@physx@@@shdfnd@2@@shdfnd@2@AEAIAEAUPxBounds3V@2@I@Z 000000018000b8c0 f i RTreeCooking.obj
 0001:0000ac50       ?sort4@SubSortSAH@physx@@QEAAXPEAIIAEAV?$Array@URTreeNodeNQ@physx@@V?$ReflectionAllocator@URTreeNodeNQ@physx@@@shdfnd@2@@shdfnd@2@AEAIIPEAURTreeNodeNQ@2@@Z 000000018000bc50 f i RTreeCooking.obj
 0001:0000b4a0       ?split@SubSortSAH@physx@@QEAAIPEAII@Z 000000018000c4a0 f i RTreeCooking.obj
 0001:0000bea0       ?computeLocalBounds@MeshBulider@physx@@IEAAXAEAVMeshDataBase@Gu@2@@Z 000000018000cea0 f   MeshBuilder.obj
 0001:0000bf30       ??$?_UG@@YAPEAX_KV?$ReflectionAllocator@G@shdfnd@physx@@PEBDH@Z 000000018000cf30 f i TriangleMeshBuilder.obj
 0001:0000bfd0       ??$sort@UEdgeTriLookup@physx@@U?$Less@UEdgeTriLookup@physx@@@shdfnd@2@V?$ReflectionAllocator@UEdgeTriLookup@physx@@@42@@shdfnd@physx@@YAXPEAUEdgeTriLookup@1@IAEBU?$Less@UEdgeTriLookup@physx@@@01@AEBV?$ReflectionAllocator@UEdgeTriLookup@physx@@@01@I@Z 000000018000cfd0 f i TriangleMeshBuilder.obj
 0001:0000c550       ??0BV4TriangleMeshBuilder@physx@@QEAA@AEBUPxCookingParams@1@@Z 000000018000d550 f   TriangleMeshBuilder.obj
 0001:0000c620       ??0RTreeTriangleMeshBuilder@physx@@QEAA@AEBUPxCookingParams@1@@Z 000000018000d620 f   TriangleMeshBuilder.obj
 0001:0000c6e0       ??1BV4TriangleMeshBuilder@physx@@UEAA@XZ 000000018000d6e0 f   TriangleMeshBuilder.obj
 0001:0000c740       ??1MeshDataBase@Gu@physx@@UEAA@XZ 000000018000d740 f i TriangleMeshBuilder.obj
 0001:0000c820       ??1RTreeTriangleData@Gu@physx@@UEAA@XZ 000000018000d820 f i TriangleMeshBuilder.obj
 0001:0000c890       ??1RTreeTriangleMeshBuilder@physx@@UEAA@XZ 000000018000d890 f   TriangleMeshBuilder.obj
 0001:0000c8c0       ??1TriangleMeshBuilder@physx@@UEAA@XZ 000000018000d8c0 f   TriangleMeshBuilder.obj
 0001:0000c920       ??1TriangleMeshData@Gu@physx@@UEAA@XZ 000000018000d920 f i TriangleMeshBuilder.obj
 0001:0000c9f0       ??_GBV4TriangleData@Gu@physx@@UEAAPEAXI@Z 000000018000d9f0 f i TriangleMeshBuilder.obj
 0001:0000c9f0       ??_EBV4TriangleData@Gu@physx@@UEAAPEAXI@Z 000000018000d9f0 f i TriangleMeshBuilder.obj
 0001:0000ca70       ??_EBV4TriangleMeshBuilder@physx@@UEAAPEAXI@Z 000000018000da70 f i TriangleMeshBuilder.obj
 0001:0000ca70       ??_GBV4TriangleMeshBuilder@physx@@UEAAPEAXI@Z 000000018000da70 f i TriangleMeshBuilder.obj
 0001:0000caf0       ??_EMeshDataBase@Gu@physx@@UEAAPEAXI@Z 000000018000daf0 f i TriangleMeshBuilder.obj
 0001:0000caf0       ??_GMeshDataBase@Gu@physx@@UEAAPEAXI@Z 000000018000daf0 f i TriangleMeshBuilder.obj
 0001:0000cb50       ??_ERTreeCookerRemap@physx@@UEAAPEAXI@Z 000000018000db50 f i TriangleMeshBuilder.obj
 0001:0000cb50       ??_GRTreeCookerRemap@physx@@UEAAPEAXI@Z 000000018000db50 f i TriangleMeshBuilder.obj
 0001:0000cb80       ??_GRTreeTriangleData@Gu@physx@@UEAAPEAXI@Z 000000018000db80 f i TriangleMeshBuilder.obj
 0001:0000cb80       ??_ERTreeTriangleData@Gu@physx@@UEAAPEAXI@Z 000000018000db80 f i TriangleMeshBuilder.obj
 0001:0000cbe0       ??_ERTreeTriangleMeshBuilder@physx@@UEAAPEAXI@Z 000000018000dbe0 f i TriangleMeshBuilder.obj
 0001:0000cbe0       ??_GRTreeTriangleMeshBuilder@physx@@UEAAPEAXI@Z 000000018000dbe0 f i TriangleMeshBuilder.obj
 0001:0000cc30       ??_ERemapCallback@RTreeCooker@physx@@UEAAPEAXI@Z 000000018000dc30 f i TriangleMeshBuilder.obj
 0001:0000cc30       ??_GRemapCallback@RTreeCooker@physx@@UEAAPEAXI@Z 000000018000dc30 f i TriangleMeshBuilder.obj
 0001:0000cc60       ??_ETriangleMeshBuilder@physx@@UEAAPEAXI@Z 000000018000dc60 f i TriangleMeshBuilder.obj
 0001:0000cc60       ??_GTriangleMeshBuilder@physx@@UEAAPEAXI@Z 000000018000dc60 f i TriangleMeshBuilder.obj
 0001:0000cca0       ??_GTriangleMeshData@Gu@physx@@UEAAPEAXI@Z 000000018000dca0 f i TriangleMeshBuilder.obj
 0001:0000cca0       ??_ETriangleMeshData@Gu@physx@@UEAAPEAXI@Z 000000018000dca0 f i TriangleMeshBuilder.obj
 0001:0000cd00       ?allocateTriangles@TriangleMeshData@Gu@physx@@QEAAPEAXI_NI@Z 000000018000dd00 f i TriangleMeshBuilder.obj
 0001:0000cde0       ?allocateVertices@MeshDataBase@Gu@physx@@QEAAPEAVPxVec3@3@I@Z 000000018000dde0 f i TriangleMeshBuilder.obj
 0001:0000d320       ?checkMeshIndicesSize@TriangleMeshBuilder@physx@@QEAAXXZ 000000018000e320 f   TriangleMeshBuilder.obj
 0001:0000d430       ?cleanMesh@TriangleMeshBuilder@physx@@QEAA_N_NPEAW4Enum@PxTriangleMeshCookingResult@2@@Z 000000018000e430 f   TriangleMeshBuilder.obj
 0001:0000d920       ?createGRBMidPhaseAndData@TriangleMeshBuilder@physx@@QEAAXI@Z 000000018000e920 f   TriangleMeshBuilder.obj
 0001:0000dba0       ?createMidPhaseStructure@BV32TriangleMeshBuilder@physx@@SAXAEBUPxCookingParams@2@AEAVTriangleMeshData@Gu@2@AEAVBV32Tree@52@@Z 000000018000eba0 f   TriangleMeshBuilder.obj
 0001:0000dd70       ?createMidPhaseStructure@BV4TriangleMeshBuilder@physx@@UEAAXXZ 000000018000ed70 f   TriangleMeshBuilder.obj
 0001:0000e030       ?createMidPhaseStructure@RTreeTriangleMeshBuilder@physx@@UEAAXXZ 000000018000f030 f   TriangleMeshBuilder.obj
 0001:0000e110       ?createSharedEdgeData@TriangleMeshBuilder@physx@@QEAAX_N0@Z 000000018000f110 f   TriangleMeshBuilder.obj
 0001:0000e7c0       ?getMidphaseID@BV4TriangleMeshBuilder@physx@@UEBA?AW4Enum@PxMeshMidPhase@2@XZ 000000018000f7c0 f i TriangleMeshBuilder.obj
 0001:0000e7c0       _get_startup_argv_mode     000000018000f7c0 f i MSVCRT:argv_mode.obj
 0001:0000e7d0       _is_c_termination_complete 000000018000f7d0 f i MSVCRT:ucrt_stubs.obj
 0001:0000e7d0       ?getMidphaseID@RTreeTriangleMeshBuilder@physx@@UEBA?AW4Enum@PxMeshMidPhase@2@XZ 000000018000f7d0 f i TriangleMeshBuilder.obj
 0001:0000e7d0       __scrt_stub_for_is_c_termination_complete 000000018000f7d0 f i MSVCRT:ucrt_stubs.obj
 0001:0000e7e0       ?importMesh@TriangleMeshBuilder@physx@@IEAA_NAEBVPxTriangleMeshDesc@2@AEBUPxCookingParams@2@PEAW4Enum@PxTriangleMeshCookingResult@2@_N@Z 000000018000f7e0 f   TriangleMeshBuilder.obj
 0001:0000eb60       ?loadFromDesc@TriangleMeshBuilder@physx@@QEAA_NAEBVPxTriangleMeshDesc@2@PEAW4Enum@PxTriangleMeshCookingResult@2@_N@Z 000000018000fb60 f   TriangleMeshBuilder.obj
 0001:0000efe0       ?onMeshIndexFormatChange@BV4TriangleMeshBuilder@physx@@UEAAXXZ 000000018000ffe0 f   TriangleMeshBuilder.obj
 0001:0000f020       ?remap@RTreeCookerRemap@physx@@UEAAXPEAIII@Z 0000000180010020 f i TriangleMeshBuilder.obj
 0001:0000f040       ?remapTopology@TriangleMeshBuilder@physx@@QEAAXPEBI@Z 0000000180010040 f   TriangleMeshBuilder.obj
 0001:0000f340       ?save@TriangleMeshBuilder@physx@@QEBA_NAEAVPxOutputStream@2@_NAEBUPxCookingParams@2@@Z 0000000180010340 f   TriangleMeshBuilder.obj
 0001:0000f910       ?saveMidPhaseStructure@BV4TriangleMeshBuilder@physx@@UEBAXAEAVPxOutputStream@2@_N@Z 0000000180010910 f   TriangleMeshBuilder.obj
 0001:0000fab0       ?saveMidPhaseStructure@RTreeTriangleMeshBuilder@physx@@UEBAXAEAVPxOutputStream@2@_N@Z 0000000180010ab0 f   TriangleMeshBuilder.obj
 0001:0000fcf0       ??0BigConvexDataBuilder@physx@@QEAA@PEBUConvexHullData@Gu@1@PEAVBigConvexData@1@PEBVPxVec3@1@@Z 0000000180010cf0 f   BigConvexDataBuilder.obj
 0001:0000fd00       ??4BigConvexData@physx@@QEAAAEAV01@AEBV01@@Z 0000000180010d00 f i BigConvexDataBuilder.obj
 0001:0000fd20       ?GetAdjacentVerts@BigConvexData@physx@@QEBAPEBEXZ 0000000180010d20 f i BigConvexDataBuilder.obj
 0001:0000fd30       ?GetValency@BigConvexData@physx@@QEBAGI@Z 0000000180010d30 f i BigConvexDataBuilder.obj
 0001:0000fd30       ?GetNbNeighbors@BigConvexData@physx@@QEBAGI@Z 0000000180010d30 f i BigConvexDataBuilder.obj
 0001:0000fd40       ?GetNbSamples@BigConvexData@physx@@QEBAIXZ 0000000180010d40 f i BigConvexDataBuilder.obj
 0001:0000fd50       ?GetNbVerts@BigConvexData@physx@@QEBAIXZ 0000000180010d50 f i BigConvexDataBuilder.obj
 0001:0000fd60       ?GetNeighbors@BigConvexData@physx@@QEBAPEBEI@Z 0000000180010d60 f i BigConvexDataBuilder.obj
 0001:0000fd70       ?GetOffset@BigConvexData@physx@@QEBAGI@Z 0000000180010d70 f i BigConvexDataBuilder.obj
 0001:0000fd80       ?GetSubdiv@BigConvexData@physx@@QEBAIXZ 0000000180010d80 f i BigConvexDataBuilder.obj
 0001:0000fd90       ?computeValencies@BigConvexDataBuilder@physx@@QEAA_NAEBVConvexHullBuilder@2@@Z 0000000180010d90 f   BigConvexDataBuilder.obj
 0001:00010180       ?precompute@BigConvexDataBuilder@physx@@QEAA_NI@Z 0000000180011180 f   BigConvexDataBuilder.obj
 0001:00010dc0       ?save@BigConvexDataBuilder@physx@@QEBA_NAEAVPxOutputStream@2@_N@Z 0000000180011dc0 f   BigConvexDataBuilder.obj
 0001:00011000       ??$?_UE@@YAPEAX_KV?$ReflectionAllocator@E@shdfnd@physx@@PEBDH@Z 0000000180012000 f i ConvexHullBuilder.obj
 0001:000110a0       ??0ConvexHullBuilder@physx@@QEAA@PEAUConvexHullData@Gu@1@_N@Z 00000001800120a0 f   ConvexHullBuilder.obj
 0001:000110d0       ??1ConvexHullBuilder@physx@@QEAA@XZ 00000001800120d0 f   ConvexHullBuilder.obj
 0001:000111d0       ?calculateVertexMapTable@ConvexHullBuilder@physx@@QEAA_NI_N@Z 00000001800121d0 f   ConvexHullBuilder.obj
 0001:000113e0       ?checkHullPolygons@ConvexHullBuilder@physx@@QEBA_NXZ 00000001800123e0 f   ConvexHullBuilder.obj
 0001:000119c0       ?computeGeomCenter@ConvexHullBuilder@physx@@IEBA_NAEAVPxVec3@2@IPEAUHullTriangleData@2@@Z 00000001800129c0 f   ConvexHullBuilder.obj
 0001:00011c80       ?copy@ConvexHullBuilder@physx@@QEAA_NAEAUConvexHullData@Gu@2@AEAI@Z 0000000180012c80 f   ConvexHullBuilder.obj
 0001:00011f00       ?createEdgeList@ConvexHullBuilder@physx@@QEAA_N_NI@Z 0000000180012f00 f   ConvexHullBuilder.obj
 0001:00012770       ?init@ConvexHullBuilder@physx@@QEAA_NIPEBVPxVec3@2@PEBIIIPEBUPxHullPolygon@2@_NPEAVConvexHullLib@2@@Z 0000000180013770 f   ConvexHullBuilder.obj
 0001:000130d0       ?save@ConvexHullBuilder@physx@@QEBA_NAEAVPxOutputStream@2@_N@Z 00000001800140d0 f   ConvexHullBuilder.obj
 0001:000133f0       ??1ConvexHullLib@physx@@UEAA@XZ 00000001800143f0 f   ConvexHullLib.obj
 0001:00013450       ??_GConvexHullLib@physx@@UEAAPEAXI@Z 0000000180014450 f i ConvexHullLib.obj
 0001:00013450       ??_EConvexHullLib@physx@@UEAAPEAXI@Z 0000000180014450 f i ConvexHullLib.obj
 0001:000139c0       ?cleanupVertices@ConvexHullLib@physx@@IEAA_NIPEBVPxVec3@2@IAEAIPEAV32@AEAV32@3@Z 00000001800149c0 f   ConvexHullLib.obj
 0001:00013e40       ?shiftAndcleanupVertices@ConvexHullLib@physx@@IEAA_NIPEBVPxVec3@2@IAEAIPEAV32@AEAV32@3@Z 0000000180014e40 f   ConvexHullLib.obj
 0001:00014320       ?shiftConvexMeshDesc@ConvexHullLib@physx@@IEAAXAEAVPxConvexMeshDesc@2@@Z 0000000180015320 f   ConvexHullLib.obj
 0001:000143e0       ?swapLargestFace@ConvexHullLib@physx@@IEAAXAEAVPxConvexMeshDesc@2@@Z 00000001800153e0 f   ConvexHullLib.obj
 0001:000145d0       ??0Box@Gu@physx@@QEAA@AEBV012@@Z 00000001800155d0 f i ConvexHullUtils.obj
 0001:000145d0       ??4Box@Gu@physx@@QEAAAEBV012@AEBV012@@Z 00000001800155d0 f i ConvexHullUtils.obj
 0001:00014630       ??0Box@Gu@physx@@QEAA@AEBVPxVec3@2@0AEBVPxMat33@2@@Z 0000000180015630 f i ConvexHullUtils.obj
 0001:000146a0       ??0ConvexHull@physx@@QEAA@AEBVPxVec3@1@AEBVPxTransform@1@AEBV?$Array@VPxPlane@physx@@V?$ReflectionAllocator@VPxPlane@physx@@@shdfnd@2@@shdfnd@1@@Z 00000001800156a0 f   ConvexHullUtils.obj
 0001:00015800       ??0PxQuat@physx@@QEAA@AEBVPxMat33@1@@Z 0000000180016800 f i ConvexHullUtils.obj
 0001:000159e0       ?allocate@?$Array@VHalfEdge@ConvexHull@physx@@V?$ReflectionAllocator@VHalfEdge@ConvexHull@physx@@@shdfnd@3@@shdfnd@physx@@IEAAPEAVHalfEdge@ConvexHull@3@I@Z 00000001800169e0 f i ConvexHullUtils.obj
 0001:00015a80       ?allocate@?$Array@VPxPlane@physx@@V?$ReflectionAllocator@VPxPlane@physx@@@shdfnd@2@@shdfnd@physx@@IEAAPEAVPxPlane@3@I@Z 0000000180016a80 f i ConvexHullUtils.obj
 0001:00015b20       ?assertIntact@ConvexHull@physx@@QEBA_NM@Z 0000000180016b20 f   ConvexHullUtils.obj
 0001:00015e30       ?computeAABBExtent@Box@Gu@physx@@QEBA?AVPxVec3@3@XZ 0000000180016e30 f i ConvexHullUtils.obj
 0001:00015ef0       ?computeBoxPoints@Box@Gu@physx@@QEBAXPEIAVPxVec3@3@@Z 0000000180016ef0 f i ConvexHullUtils.obj
 0001:00015f30       ?computeOBBFromConvex@physx@@YA_NAEBVPxConvexMeshDesc@1@AEAVPxVec3@1@AEAVPxTransform@1@@Z 0000000180016f30 f   ConvexHullUtils.obj
 0001:00016640       ?computeOBBSIMD@local@@YAXIPEBT__m128@@AEAT2@AEBT2@1@Z 0000000180017640 f   ConvexHullUtils.obj
 0001:00016a50       ?convexHullCrop@physx@@YAPEAVConvexHull@1@AEBV21@AEBVPxPlane@1@M@Z 0000000180017a50 f   ConvexHullUtils.obj
 0001:00017830       ?copy@?$Array@VPxPlane@physx@@V?$ReflectionAllocator@VPxPlane@physx@@@shdfnd@2@@shdfnd@physx@@KAXPEAVPxPlane@3@0PEBV43@@Z 0000000180018830 f i ConvexHullUtils.obj
 0001:00017930       ?findCandidatePlane@ConvexHull@physx@@QEBAHMM@Z 0000000180018930 f   ConvexHullUtils.obj
 0001:00017da0       ?getInverse@PxMat33@physx@@QEBA?BV12@XZ 0000000180018da0 f i ConvexHullUtils.obj
 0001:00017ff0       ?getTransform@Box@Gu@physx@@QEBA?AVPxTransform@3@XZ 0000000180018ff0 f i ConvexHullUtils.obj
 0001:00018050       ?growAndPushBack@?$Array@VHalfEdge@ConvexHull@physx@@V?$ReflectionAllocator@VHalfEdge@ConvexHull@physx@@@shdfnd@3@@shdfnd@physx@@IEAAAEAVHalfEdge@ConvexHull@3@AEBV453@@Z 0000000180019050 f i ConvexHullUtils.obj
 0001:00018110       ?growAndPushBack@?$Array@VPxPlane@physx@@V?$ReflectionAllocator@VPxPlane@physx@@@shdfnd@2@@shdfnd@physx@@IEAAAEAVPxPlane@3@AEBV43@@Z 0000000180019110 f i ConvexHullUtils.obj
 0001:000181d0       ?isValid@Box@Gu@physx@@QEBA_NXZ 00000001800191d0 f i ConvexHullUtils.obj
 0001:000181f0       ?maxNumVertsPerFace@ConvexHull@physx@@QEBAIXZ 00000001800191f0 f   ConvexHullUtils.obj
 0001:00018260       ?recreate@?$Array@VHalfEdge@ConvexHull@physx@@V?$ReflectionAllocator@VHalfEdge@ConvexHull@physx@@@shdfnd@3@@shdfnd@physx@@IEAAXI@Z 0000000180019260 f i ConvexHullUtils.obj
 0001:00018300       ?recreate@?$Array@VPxPlane@physx@@V?$ReflectionAllocator@VPxPlane@physx@@@shdfnd@2@@shdfnd@physx@@IEAAXI@Z 0000000180019300 f i ConvexHullUtils.obj
 0001:00018390       ?resize@?$Array@VHalfEdge@ConvexHull@physx@@V?$ReflectionAllocator@VHalfEdge@ConvexHull@physx@@@shdfnd@3@@shdfnd@physx@@QEAAXIAEBVHalfEdge@ConvexHull@3@@Z 0000000180019390 f i ConvexHullUtils.obj
 0001:00018450       ?resize@?$Array@VPxPlane@physx@@V?$ReflectionAllocator@VPxPlane@physx@@@shdfnd@2@@shdfnd@physx@@QEAAXIAEBVPxPlane@3@@Z 0000000180019450 f i ConvexHullUtils.obj
 0001:00018570       ?resize@?$Array@VPxVec3@physx@@V?$ReflectionAllocator@VPxVec3@physx@@@shdfnd@2@@shdfnd@physx@@QEAAXIAEBVPxVec3@3@@Z 0000000180019570 f i ConvexHullUtils.obj
 0001:00018660       ?rotate@Box@Gu@physx@@QEBA?AVPxVec3@3@AEBV43@@Z 0000000180019660 f i ConvexHullUtils.obj
 0001:000186f0       ?rotateInv@Box@Gu@physx@@QEBA?AVPxVec3@3@AEBV43@@Z 00000001800196f0 f i ConvexHullUtils.obj
 0001:00018780       ?setAxes@Box@Gu@physx@@QEAAXAEBVPxVec3@3@00@Z 0000000180019780 f i ConvexHullUtils.obj
 0001:000187c0       ?setEmpty@Box@Gu@physx@@QEAAXXZ 00000001800197c0 f i ConvexHullUtils.obj
 0001:00018800       ?transform@Box@Gu@physx@@QEBA?AVPxVec3@3@AEBV43@@Z 0000000180019800 f i ConvexHullUtils.obj
 0001:000188a0       ??0ConvexMeshBuilder@physx@@QEAA@_N@Z 00000001800198a0 f   ConvexMeshBuilder.obj
 0001:00018900       ??1ConvexMeshBuilder@physx@@QEAA@XZ 0000000180019900 f   ConvexMeshBuilder.obj
 0001:00018d50       ?build@ConvexMeshBuilder@physx@@QEAA_NAEBVPxConvexMeshDesc@2@I_NPEAVConvexHullLib@2@@Z 0000000180019d50 f   ConvexMeshBuilder.obj
 0001:00019060       ?computeHullPolygons@ConvexMeshBuilder@physx@@QEAA_NAEBIPEBVPxVec3@2@0PEBIAEAVPxAllocatorCallback@2@AEAIAEAPEAV32@4AEAPEAI4AEAPEAUPxHullPolygon@2@@Z 000000018001a060 f   ConvexMeshBuilder.obj
 0001:00019280       ?computeMassInfo@ConvexMeshBuilder@physx@@QEAAX_N@Z 000000018001a280 f   ConvexMeshBuilder.obj
 0001:00019650       ?copy@ConvexMeshBuilder@physx@@QEAA_NAEAUConvexHullInitData@Gu@2@@Z 000000018001a650 f   ConvexMeshBuilder.obj
 0001:00019770       ?isFinite@PxVec3@physx@@QEBA_NXZ 000000018001a770 f i ConvexMeshBuilder.obj
 0001:000197d0       ?loadConvexHull@ConvexMeshBuilder@physx@@QEAA_NAEBVPxConvexMeshDesc@2@PEAVConvexHullLib@2@@Z 000000018001a7d0 f   ConvexMeshBuilder.obj
 0001:00019a50       ?save@ConvexMeshBuilder@physx@@QEBA_NAEAVPxOutputStream@2@_N@Z 000000018001aa50 f   ConvexMeshBuilder.obj
 0001:00019c60       ??$copy@V?$ReflectionAllocator@VPair@@@shdfnd@physx@@@?$Array@VPair@@V?$ReflectionAllocator@VPair@@@shdfnd@physx@@@shdfnd@physx@@IEAAXAEBV012@@Z 000000018001ac60 f i ConvexPolygonsBuilder.obj
 0001:00019ce0       ??0ConvexPolygonsBuilder@physx@@QEAA@PEAUConvexHullData@Gu@1@_N@Z 000000018001ace0 f   ConvexPolygonsBuilder.obj
 0001:00019d00       ??1ConvexPolygonsBuilder@physx@@QEAA@XZ 000000018001ad00 f   ConvexPolygonsBuilder.obj
 0001:0001a550       ?allocate@?$Array@VPair@@V?$ReflectionAllocator@VPair@@@shdfnd@physx@@@shdfnd@physx@@IEAAPEAVPair@@I@Z 000000018001b550 f i ConvexPolygonsBuilder.obj
 0001:0001ad70       ?computeHullPolygons@ConvexPolygonsBuilder@physx@@QEAA_NAEBIPEBVPxVec3@2@0PEBI@Z 000000018001bd70 f   ConvexPolygonsBuilder.obj
 0001:0001be10       ?createPolygonData@ConvexPolygonsBuilder@physx@@AEAA_NXZ 000000018001ce10 f   ConvexPolygonsBuilder.obj
 0001:0001c9f0       ?createTrianglesFromPolygons@ConvexPolygonsBuilder@physx@@AEAA_NXZ 000000018001d9f0 f   ConvexPolygonsBuilder.obj
 0001:0001e070       ?growAndPushBack@?$Array@VPair@@V?$ReflectionAllocator@VPair@@@shdfnd@physx@@@shdfnd@physx@@IEAAAEAVPair@@AEBV4@@Z 000000018001f070 f i ConvexPolygonsBuilder.obj
 0001:0001e130       ??0QuickHull@local@@QEAA@AEBUPxCookingParams@physx@@AEBVPxConvexMeshDesc@3@@Z 000000018001f130 f   QuickHullConvexHullLib.obj
 0001:0001e1e0       ??0QuickHullConvexHullLib@physx@@QEAA@AEBVPxConvexMeshDesc@1@AEBUPxCookingParams@1@@Z 000000018001f1e0 f   QuickHullConvexHullLib.obj
 0001:0001e2d0       ??1?$MemBlock@UQuickHullHalfEdge@local@@$0A@@local@@QEAA@XZ 000000018001f2d0 f i QuickHullConvexHullLib.obj
 0001:0001e2d0       ??1?$MemBlock@UQuickHullFace@local@@$00@local@@QEAA@XZ 000000018001f2d0 f i QuickHullConvexHullLib.obj
 0001:0001e360       ??1QuickHull@local@@QEAA@XZ 000000018001f360 f   QuickHullConvexHullLib.obj
 0001:0001e4a0       ??_GConvexHull@physx@@QEAAPEAXI@Z 000000018001f4a0 f i QuickHullConvexHullLib.obj
 0001:0001e580       ??_EQuickHullConvexHullLib@physx@@UEAAPEAXI@Z 000000018001f580 f i QuickHullConvexHullLib.obj
 0001:0001e580       ??_GQuickHullConvexHullLib@physx@@UEAAPEAXI@Z 000000018001f580 f i QuickHullConvexHullLib.obj
 0001:0001e680       ?addPointToHull@QuickHull@local@@IEAA_NPEBUQuickHullVertex@2@AEAUQuickHullFace@2@AEA_N@Z 000000018001f680 f   QuickHullConvexHullLib.obj
 0001:0001e950       ?addSimplex@QuickHull@local@@IEAAXPEAUQuickHullVertex@2@_N@Z 000000018001f950 f   QuickHullConvexHullLib.obj
 0001:0001ee20       ?allocate@?$Array@PEAUQuickHullFace@local@@V?$ReflectionAllocator@PEAUQuickHullFace@local@@@shdfnd@physx@@@shdfnd@physx@@IEAAPEAPEAUQuickHullFace@local@@I@Z 000000018001fe20 f i QuickHullConvexHullLib.obj
 0001:0001eec0       ?allocate@?$Array@PEAUQuickHullHalfEdge@local@@V?$ReflectionAllocator@PEAUQuickHullHalfEdge@local@@@shdfnd@physx@@@shdfnd@physx@@IEAAPEAPEAUQuickHullHalfEdge@local@@I@Z 000000018001fec0 f i QuickHullConvexHullLib.obj
 0001:0001ef60       ?allocate@?$Array@PEAUQuickHullVertex@local@@V?$ReflectionAllocator@PEAUQuickHullVertex@local@@@shdfnd@physx@@@shdfnd@physx@@IEAAPEAPEAUQuickHullVertex@local@@I@Z 000000018001ff60 f i QuickHullConvexHullLib.obj
 0001:0001f000       ?allocate@?$Array@UExpandPoint@local@@V?$ReflectionAllocator@UExpandPoint@local@@@shdfnd@physx@@@shdfnd@physx@@IEAAPEAUExpandPoint@local@@I@Z 0000000180020000 f i QuickHullConvexHullLib.obj
 0001:0001f0a0       ?buildHull@QuickHull@local@@QEAA?AW4Enum@QuickHullResult@2@XZ 00000001800200a0 f   QuickHullConvexHullLib.obj
 0001:0001f2b0       ?calculateHorizon@QuickHull@local@@IEAAXAEBVPxVec3@physx@@PEAUQuickHullHalfEdge@2@AEAUQuickHullFace@2@AEAV?$Array@PEAUQuickHullHalfEdge@local@@V?$ReflectionAllocator@PEAUQuickHullHalfEdge@local@@@shdfnd@physx@@@shdfnd@4@AEAV?$Array@PEAUQuickHullFace@local@@V?$ReflectionAllocator@PEAUQuickHullFace@local@@@shdfnd@physx@@@84@@Z 00000001800202b0 f   QuickHullConvexHullLib.obj
 0001:0001f460       ?canMergeFaces@QuickHull@local@@IEAA_NAEBUQuickHullHalfEdge@2@@Z 0000000180020460 f   QuickHullConvexHullLib.obj
 0001:0001fc90       ?cleanupForSimplex@QuickHullConvexHullLib@physx@@IEAA_NPEAVPxVec3@2@IPEAUQuickHullVertex@local@@1AEAM2@Z 0000000180020c90 f   QuickHullConvexHullLib.obj
 0001:00020860       ?computeMinMaxVerts@QuickHull@local@@IEAAXXZ 0000000180021860 f   QuickHullConvexHullLib.obj
 0001:00020c30       ?connectHalfEdges@QuickHullFace@local@@AEAAPEAU12@PEAUQuickHullHalfEdge@2@0@Z 0000000180021c30 f   QuickHullConvexHullLib.obj
 0001:00020f90       ?copy@?$Array@UExpandPoint@local@@V?$ReflectionAllocator@UExpandPoint@local@@@shdfnd@physx@@@shdfnd@physx@@KAXPEAUExpandPoint@local@@0PEBU45@@Z 0000000180021f90 f i QuickHullConvexHullLib.obj
 0001:00021040       ?createConvexHull@QuickHullConvexHullLib@physx@@UEAA?AW4Enum@PxConvexMeshCookingResult@2@XZ 0000000180022040 f   QuickHullConvexHullLib.obj
 0001:00021440       ?createEdgeList@QuickHullConvexHullLib@physx@@UEAA_NIPEBEPEAPEAEPEAPEAG2@Z 0000000180022440 f   QuickHullConvexHullLib.obj
 0001:00021670       ?createTriangle@QuickHull@local@@IEAAPEAUQuickHullFace@2@AEBUQuickHullVertex@2@00@Z 0000000180022670 f   QuickHullConvexHullLib.obj
 0001:00021a00       ?doAdjacentMerge@QuickHull@local@@IEAA_NAEAUQuickHullFace@2@_NAEA_N@Z 0000000180022a00 f   QuickHullConvexHullLib.obj
 0001:00021d40       ?expandHull@QuickHullConvexHullLib@physx@@IEAA?AW4Enum@PxConvexMeshCookingResult@2@XZ 0000000180022d40 f   QuickHullConvexHullLib.obj
 0001:00022a20       ?expandHullOBB@QuickHullConvexHullLib@physx@@IEAA?AW4Enum@PxConvexMeshCookingResult@2@XZ 0000000180023a20 f   QuickHullConvexHullLib.obj
 0001:00022e40       ?fillConvexMeshDesc@QuickHullConvexHullLib@physx@@UEAAXAEAVPxConvexMeshDesc@2@@Z 0000000180023e40 f   QuickHullConvexHullLib.obj
 0001:00022e90       ?fillConvexMeshDescFromCroppedHull@QuickHullConvexHullLib@physx@@IEAAXAEAVPxConvexMeshDesc@2@@Z 0000000180023e90 f   QuickHullConvexHullLib.obj
 0001:00023090       ?fillConvexMeshDescFromQuickHull@QuickHullConvexHullLib@physx@@IEAAXAEAVPxConvexMeshDesc@2@@Z 0000000180024090 f   QuickHullConvexHullLib.obj
 0001:00023420       ?findSimplex@QuickHull@local@@IEAA_NXZ 0000000180024420 f   QuickHullConvexHullLib.obj
 0001:000240d0       ?getFreeItem@?$MemBlock@UQuickHullFace@local@@$00@local@@QEAAPEAUQuickHullFace@2@XZ 00000001800250d0 f i QuickHullConvexHullLib.obj
 0001:00024200       ?getFreeItem@?$MemBlock@UQuickHullHalfEdge@local@@$0A@@local@@QEAAPEAUQuickHullHalfEdge@2@XZ 0000000180025200 f i QuickHullConvexHullLib.obj
 0001:000242d0       ?growAndPushBack@?$Array@PEAUQuickHullFace@local@@V?$ReflectionAllocator@PEAUQuickHullFace@local@@@shdfnd@physx@@@shdfnd@physx@@IEAAAEAPEAUQuickHullFace@local@@AEBQEAU45@@Z 00000001800252d0 f i QuickHullConvexHullLib.obj
 0001:00024390       ?growAndPushBack@?$Array@PEAUQuickHullHalfEdge@local@@V?$ReflectionAllocator@PEAUQuickHullHalfEdge@local@@@shdfnd@physx@@@shdfnd@physx@@IEAAAEAPEAUQuickHullHalfEdge@local@@AEBQEAU45@@Z 0000000180025390 f i QuickHullConvexHullLib.obj
 0001:00024450       ?growAndPushBack@?$Array@PEAUQuickHullVertex@local@@V?$ReflectionAllocator@PEAUQuickHullVertex@local@@@shdfnd@physx@@@shdfnd@physx@@IEAAAEAPEAUQuickHullVertex@local@@AEBQEAU45@@Z 0000000180025450 f i QuickHullConvexHullLib.obj
 0001:00024510       ?growAndPushBack@?$Array@UExpandPoint@local@@V?$ReflectionAllocator@UExpandPoint@local@@@shdfnd@physx@@@shdfnd@physx@@IEAAAEAUExpandPoint@local@@AEBU45@@Z 0000000180025510 f i QuickHullConvexHullLib.obj
 0001:00024610       ?init@?$MemBlock@UQuickHullFace@local@@$00@local@@QEAAXI@Z 0000000180025610 f i QuickHullConvexHullLib.obj
 0001:00024710       ?init@?$MemBlock@UQuickHullHalfEdge@local@@$0A@@local@@QEAAXI@Z 0000000180025710 f i QuickHullConvexHullLib.obj
 0001:000247b0       ?mergeAdjacentFace@QuickHullFace@local@@QEAA_NPEAUQuickHullHalfEdge@2@AEAV?$Array@PEAUQuickHullFace@local@@V?$ReflectionAllocator@PEAUQuickHullFace@local@@@shdfnd@physx@@@shdfnd@physx@@@Z 00000001800257b0 f   QuickHullConvexHullLib.obj
 0001:00024c00       ?nextPointToAdd@QuickHull@local@@IEAAPEAUQuickHullVertex@2@AEAPEAUQuickHullFace@2@@Z 0000000180025c00 f   QuickHullConvexHullLib.obj
 0001:00024d80       ?parseInputVertices@QuickHull@local@@QEAAXPEBVPxVec3@physx@@I@Z 0000000180025d80 f   QuickHullConvexHullLib.obj
 0001:00024f10       ?postMergeHull@QuickHull@local@@IEAAXXZ 0000000180025f10 f   QuickHullConvexHullLib.obj
 0001:00025160       ?preallocate@QuickHull@local@@QEAAXI@Z 0000000180026160 f   QuickHullConvexHullLib.obj
 0001:000252a0       ?recreate@?$Array@PEAUQuickHullFace@local@@V?$ReflectionAllocator@PEAUQuickHullFace@local@@@shdfnd@physx@@@shdfnd@physx@@IEAAXI@Z 00000001800262a0 f i QuickHullConvexHullLib.obj
 0001:00025340       ?recreate@?$Array@PEAUQuickHullHalfEdge@local@@V?$ReflectionAllocator@PEAUQuickHullHalfEdge@local@@@shdfnd@physx@@@shdfnd@physx@@IEAAXI@Z 0000000180026340 f i QuickHullConvexHullLib.obj
 0001:000253e0       ?recreate@?$Array@PEAUQuickHullVertex@local@@V?$ReflectionAllocator@PEAUQuickHullVertex@local@@@shdfnd@physx@@@shdfnd@physx@@IEAAXI@Z 00000001800263e0 f i QuickHullConvexHullLib.obj
 0001:00025480       ?recreate@?$Array@UExpandPoint@local@@V?$ReflectionAllocator@UExpandPoint@local@@@shdfnd@physx@@@shdfnd@physx@@IEAAXI@Z 0000000180026480 f i QuickHullConvexHullLib.obj
 0001:00025510       ?resolveUnclaimedPoints@QuickHull@local@@IEAAXAEBV?$Array@PEAUQuickHullFace@local@@V?$ReflectionAllocator@PEAUQuickHullFace@local@@@shdfnd@physx@@@shdfnd@physx@@@Z 0000000180026510 f   QuickHullConvexHullLib.obj
 0001:00026210       ?computeVolumeIntegralsEberly@physx@@YA_NAEBVPxConvexMeshDesc@1@MAEAUPxIntegrals@1@AEBVPxVec3@1@@Z 0000000180027210 f   VolumeIntegration.obj
 0001:00026250       ?computeVolumeIntegralsEberlySIMD@physx@@YA_NAEBVPxConvexMeshDesc@1@MAEAUPxIntegrals@1@AEBVPxVec3@1@@Z 0000000180027250 f   VolumeIntegration.obj
 0001:00026890       ?cookingDelayHook@@YAP6A_JXZIPEAUDelayLoadInfo@@@Z 0000000180027890 f   WindowsCookingDelayLoadHook.obj
 0001:00026970       PxSetPhysXCookingDelayLoadHook 0000000180027970 f   WindowsCookingDelayLoadHook.obj
 0001:00026978       __imp_load_??0RadixSortBuffered@Cm@physx@@QEAA@XZ 0000000180027978 f   PhysXCommon_64:PhysXCommon_64.dll
 0001:00026984       ??0RadixSortBuffered@Cm@physx@@QEAA@XZ 0000000180027984 f   PhysXCommon_64:PhysXCommon_64.dll
 0001:0002698a       __tailMerge_physxcommon_64_dll 000000018002798a     PhysXCommon_64:PhysXCommon_64.dll
 0001:00026a03       __imp_load_??1RadixSortBuffered@Cm@physx@@UEAA@XZ 0000000180027a03 f   PhysXCommon_64:PhysXCommon_64.dll
 0001:00026a0f       ??1RadixSortBuffered@Cm@physx@@UEAA@XZ 0000000180027a0f f   PhysXCommon_64:PhysXCommon_64.dll
 0001:00026a15       __imp_load_?Sort@RadixSortBuffered@Cm@physx@@QEAAAEAV123@PEBIIW4RadixHint@23@@Z 0000000180027a15 f   PhysXCommon_64:PhysXCommon_64.dll
 0001:00026a21       ?Sort@RadixSortBuffered@Cm@physx@@QEAAAEAV123@PEBIIW4RadixHint@23@@Z 0000000180027a21 f   PhysXCommon_64:PhysXCommon_64.dll
 0001:00026a27       __imp_load_??0HeightField@Gu@physx@@QEAA@PEAVGuMeshFactory@2@@Z 0000000180027a27 f   PhysXCommon_64:PhysXCommon_64.dll
 0001:00026a33       ??0HeightField@Gu@physx@@QEAA@PEAVGuMeshFactory@2@@Z 0000000180027a33 f   PhysXCommon_64:PhysXCommon_64.dll
 0001:00026a39       __imp_load_?loadFromDesc@HeightField@Gu@physx@@QEAA_NAEBVPxHeightFieldDesc@3@@Z 0000000180027a39 f   PhysXCommon_64:PhysXCommon_64.dll
 0001:00026a45       ?loadFromDesc@HeightField@Gu@physx@@QEAA_NAEBVPxHeightFieldDesc@3@@Z 0000000180027a45 f   PhysXCommon_64:PhysXCommon_64.dll
 0001:00026a4b       __imp_load_?computeCellCoordinates@HeightField@Gu@physx@@QEBAIMMAEAM0@Z 0000000180027a4b f   PhysXCommon_64:PhysXCommon_64.dll
 0001:00026a57       ?computeCellCoordinates@HeightField@Gu@physx@@QEBAIMMAEAM0@Z 0000000180027a57 f   PhysXCommon_64:PhysXCommon_64.dll
 0001:00026a5d       __imp_load_?releaseMemory@HeightField@Gu@physx@@QEAAXXZ 0000000180027a5d f   PhysXCommon_64:PhysXCommon_64.dll
 0001:00026a69       ?releaseMemory@HeightField@Gu@physx@@QEAAXXZ 0000000180027a69 f   PhysXCommon_64:PhysXCommon_64.dll
 0001:00026a6f       __imp_load_??1HeightField@Gu@physx@@UEAA@XZ 0000000180027a6f f   PhysXCommon_64:PhysXCommon_64.dll
 0001:00026a7b       ??1HeightField@Gu@physx@@UEAA@XZ 0000000180027a7b f   PhysXCommon_64:PhysXCommon_64.dll
 0001:00026a81       __imp_load_??0NodeAllocator@Gu@physx@@QEAA@XZ 0000000180027a81 f   PhysXCommon_64:PhysXCommon_64.dll
 0001:00026a8d       ??0NodeAllocator@Gu@physx@@QEAA@XZ 0000000180027a8d f   PhysXCommon_64:PhysXCommon_64.dll
 0001:00026a93       __imp_load_??1NodeAllocator@Gu@physx@@QEAA@XZ 0000000180027a93 f   PhysXCommon_64:PhysXCommon_64.dll
 0001:00026a9f       ??1NodeAllocator@Gu@physx@@QEAA@XZ 0000000180027a9f f   PhysXCommon_64:PhysXCommon_64.dll
 0001:00026aa5       __imp_load_?release@NodeAllocator@Gu@physx@@QEAAXXZ 0000000180027aa5 f   PhysXCommon_64:PhysXCommon_64.dll
 0001:00026ab1       ?release@NodeAllocator@Gu@physx@@QEAAXXZ 0000000180027ab1 f   PhysXCommon_64:PhysXCommon_64.dll
 0001:00026ab7       __imp_load_?buildAABBTree@Gu@physx@@YA_NAEAVAABBTreeBuildParams@12@AEAVNodeAllocator@12@AEAUBuildStats@12@AEAPEAI@Z 0000000180027ab7 f   PhysXCommon_64:PhysXCommon_64.dll
 0001:00026ac3       ?buildAABBTree@Gu@physx@@YA_NAEAVAABBTreeBuildParams@12@AEAVNodeAllocator@12@AEAUBuildStats@12@AEAPEAI@Z 0000000180027ac3 f   PhysXCommon_64:PhysXCommon_64.dll
 0001:00026ac9       __imp_load_?writeDword@physx@@YAXI_NAEAVPxOutputStream@1@@Z 0000000180027ac9 f   PhysXCommon_64:PhysXCommon_64.dll
 0001:00026ad5       ?writeDword@physx@@YAXI_NAEAVPxOutputStream@1@@Z 0000000180027ad5 f   PhysXCommon_64:PhysXCommon_64.dll
 0001:00026adb       __imp_load_?writeFloatBuffer@physx@@YAXPEBMI_NAEAVPxOutputStream@1@@Z 0000000180027adb f   PhysXCommon_64:PhysXCommon_64.dll
 0001:00026ae7       ?writeFloatBuffer@physx@@YAXPEBMI_NAEAVPxOutputStream@1@@Z 0000000180027ae7 f   PhysXCommon_64:PhysXCommon_64.dll
 0001:00026aed       __imp_load_?writeHeader@physx@@YA_NCCCCI_NAEAVPxOutputStream@1@@Z 0000000180027aed f   PhysXCommon_64:PhysXCommon_64.dll
 0001:00026af9       ?writeHeader@physx@@YA_NCCCCI_NAEAVPxOutputStream@1@@Z 0000000180027af9 f   PhysXCommon_64:PhysXCommon_64.dll
 0001:00026aff       __imp_load_?writeWord@physx@@YAXG_NAEAVPxOutputStream@1@@Z 0000000180027aff f   PhysXCommon_64:PhysXCommon_64.dll
 0001:00026b0b       ?writeWord@physx@@YAXG_NAEAVPxOutputStream@1@@Z 0000000180027b0b f   PhysXCommon_64:PhysXCommon_64.dll
 0001:00026b11       __imp_load_?writeFloat@physx@@YAXM_NAEAVPxOutputStream@1@@Z 0000000180027b11 f   PhysXCommon_64:PhysXCommon_64.dll
 0001:00026b1d       ?writeFloat@physx@@YAXM_NAEAVPxOutputStream@1@@Z 0000000180027b1d f   PhysXCommon_64:PhysXCommon_64.dll
 0001:00026b23       __imp_load_?computeBoundsAroundVertices@Gu@physx@@YAXAEAVPxBounds3@2@IPEIBVPxVec3@2@@Z 0000000180027b23 f   PhysXCommon_64:PhysXCommon_64.dll
 0001:00026b2f       ?computeBoundsAroundVertices@Gu@physx@@YAXAEAVPxBounds3@2@IPEIBVPxVec3@2@@Z 0000000180027b2f f   PhysXCommon_64:PhysXCommon_64.dll
 0001:00026b35       __imp_load_??0SourceMesh@Gu@physx@@QEAA@XZ 0000000180027b35 f   PhysXCommon_64:PhysXCommon_64.dll
 0001:00026b41       ??0SourceMesh@Gu@physx@@QEAA@XZ 0000000180027b41 f   PhysXCommon_64:PhysXCommon_64.dll
 0001:00026b47       __imp_load_??1SourceMesh@Gu@physx@@QEAA@XZ 0000000180027b47 f   PhysXCommon_64:PhysXCommon_64.dll
 0001:00026b53       ??1SourceMesh@Gu@physx@@QEAA@XZ 0000000180027b53 f   PhysXCommon_64:PhysXCommon_64.dll
 0001:00026b59       __imp_load_??0BV4Tree@Gu@physx@@QEAA@XZ 0000000180027b59 f   PhysXCommon_64:PhysXCommon_64.dll
 0001:00026b65       ??0BV4Tree@Gu@physx@@QEAA@XZ 0000000180027b65 f   PhysXCommon_64:PhysXCommon_64.dll
 0001:00026b6b       __imp_load_??1BV4Tree@Gu@physx@@QEAA@XZ 0000000180027b6b f   PhysXCommon_64:PhysXCommon_64.dll
 0001:00026b77       ??1BV4Tree@Gu@physx@@QEAA@XZ 0000000180027b77 f   PhysXCommon_64:PhysXCommon_64.dll
 0001:00026b7d       __imp_load_??0BV32Tree@Gu@physx@@QEAA@XZ 0000000180027b7d f   PhysXCommon_64:PhysXCommon_64.dll
 0001:00026b89       ??0BV32Tree@Gu@physx@@QEAA@XZ 0000000180027b89 f   PhysXCommon_64:PhysXCommon_64.dll
 0001:00026b8f       __imp_load_??1BV32Tree@Gu@physx@@QEAA@XZ 0000000180027b8f f   PhysXCommon_64:PhysXCommon_64.dll
 0001:00026b9b       ??1BV32Tree@Gu@physx@@QEAA@XZ 0000000180027b9b f   PhysXCommon_64:PhysXCommon_64.dll
 0001:00026ba1       __imp_load_?writeWordBuffer@physx@@YAXPEBGI_NAEAVPxOutputStream@1@@Z 0000000180027ba1 f   PhysXCommon_64:PhysXCommon_64.dll
 0001:00026bad       ?writeWordBuffer@physx@@YAXPEBGI_NAEAVPxOutputStream@1@@Z 0000000180027bad f   PhysXCommon_64:PhysXCommon_64.dll
 0001:00026bb3       __imp_load_?computeMaxIndex@physx@@YAIPEBII@Z 0000000180027bb3 f   PhysXCommon_64:PhysXCommon_64.dll
 0001:00026bbf       ?computeMaxIndex@physx@@YAIPEBII@Z 0000000180027bbf f   PhysXCommon_64:PhysXCommon_64.dll
 0001:00026bc5       __imp_load_?storeIndices@physx@@YAXIIPEBIAEAVPxOutputStream@1@_N@Z 0000000180027bc5 f   PhysXCommon_64:PhysXCommon_64.dll
 0001:00026bd1       ?storeIndices@physx@@YAXIIPEBIAEAVPxOutputStream@1@_N@Z 0000000180027bd1 f   PhysXCommon_64:PhysXCommon_64.dll
 0001:00026bd7       __imp_load_?BuildBV4Ex@Gu@physx@@YA_NAEAVBV4Tree@12@AEAVSourceMesh@12@MI@Z 0000000180027bd7 f   PhysXCommon_64:PhysXCommon_64.dll
 0001:00026be3       ?BuildBV4Ex@Gu@physx@@YA_NAEAVBV4Tree@12@AEAVSourceMesh@12@MI@Z 0000000180027be3 f   PhysXCommon_64:PhysXCommon_64.dll
 0001:00026be9       __imp_load_?BuildBV32Ex@Gu@physx@@YA_NAEAVBV32Tree@12@AEAVSourceMesh@12@MI@Z 0000000180027be9 f   PhysXCommon_64:PhysXCommon_64.dll
 0001:00026bf5       ?BuildBV32Ex@Gu@physx@@YA_NAEAVBV32Tree@12@AEAVSourceMesh@12@MI@Z 0000000180027bf5 f   PhysXCommon_64:PhysXCommon_64.dll
 0001:00026bfb       __imp_load_?computeMaxIndex@physx@@YAGPEBGI@Z 0000000180027bfb f   PhysXCommon_64:PhysXCommon_64.dll
 0001:00026c07       ?computeMaxIndex@physx@@YAGPEBGI@Z 0000000180027c07 f   PhysXCommon_64:PhysXCommon_64.dll
 0001:00026c0d       __imp_load_?WriteHeader@Gu@physx@@YA_NEEEEI_NAEAVPxOutputStream@2@@Z 0000000180027c0d f   PhysXCommon_64:PhysXCommon_64.dll
 0001:00026c19       ?WriteHeader@Gu@physx@@YA_NEEEEI_NAEAVPxOutputStream@2@@Z 0000000180027c19 f   PhysXCommon_64:PhysXCommon_64.dll
 0001:00026c1f       __imp_load_?StoreIndices@Gu@physx@@YAXGIPEBGAEAVPxOutputStream@2@_N@Z 0000000180027c1f f   PhysXCommon_64:PhysXCommon_64.dll
 0001:00026c2b       ?StoreIndices@Gu@physx@@YAXGIPEBGAEAVPxOutputStream@2@_N@Z 0000000180027c2b f   PhysXCommon_64:PhysXCommon_64.dll
 0001:00026c31       __imp_load_?CreateOffsets@BigConvexData@physx@@IEAAXXZ 0000000180027c31 f   PhysXCommon_64:PhysXCommon_64.dll
 0001:00026c3d       ?CreateOffsets@BigConvexData@physx@@IEAAXXZ 0000000180027c3d f   PhysXCommon_64:PhysXCommon_64.dll
 0001:00026c43       __imp_load_?computeOBBPoints@Gu@physx@@YAXPEIAVPxVec3@2@AEBV32@1111@Z 0000000180027c43 f   PhysXCommon_64:PhysXCommon_64.dll
 0001:00026c4f       ?computeOBBPoints@Gu@physx@@YAXPEIAVPxVec3@2@AEBV32@1111@Z 0000000180027c4f f   PhysXCommon_64:PhysXCommon_64.dll
 0001:00026c55       __imp_load_??0BigConvexData@physx@@QEAA@XZ 0000000180027c55 f   PhysXCommon_64:PhysXCommon_64.dll
 0001:00026c61       ??0BigConvexData@physx@@QEAA@XZ 0000000180027c61 f   PhysXCommon_64:PhysXCommon_64.dll
 0001:00026c67       __imp_load_??1BigConvexData@physx@@QEAA@XZ 0000000180027c67 f   PhysXCommon_64:PhysXCommon_64.dll
 0001:00026c73       ??1BigConvexData@physx@@QEAA@XZ 0000000180027c73 f   PhysXCommon_64:PhysXCommon_64.dll
 0001:00026c79       __imp_load_PxGetFoundation 0000000180027c79 f   PhysXFoundation_64:PhysXFoundation_64.dll
 0001:00026c85       PxGetFoundation            0000000180027c85 f   PhysXFoundation_64:PhysXFoundation_64.dll
 0001:00026c8b       __tailMerge_physxfoundation_64_dll 0000000180027c8b     PhysXFoundation_64:PhysXFoundation_64.dll
 0001:00026d04       __imp_load_?getAllocator@shdfnd@physx@@YAAEAVPxAllocatorCallback@2@XZ 0000000180027d04 f   PhysXFoundation_64:PhysXFoundation_64.dll
 0001:00026d10       ?getAllocator@shdfnd@physx@@YAAEAVPxAllocatorCallback@2@XZ 0000000180027d10 f   PhysXFoundation_64:PhysXFoundation_64.dll
 0001:00026d16       __imp_load_?getInstance@Foundation@shdfnd@physx@@SAAEAV123@XZ 0000000180027d16 f   PhysXFoundation_64:PhysXFoundation_64.dll
 0001:00026d22       ?getInstance@Foundation@shdfnd@physx@@SAAEAV123@XZ 0000000180027d22 f   PhysXFoundation_64:PhysXFoundation_64.dll
 0001:00026d28       __imp_load_?error@Foundation@shdfnd@physx@@QEAAXW4Enum@PxErrorCode@3@PEBDH1ZZ 0000000180027d28 f   PhysXFoundation_64:PhysXFoundation_64.dll
 0001:00026d34       ?error@Foundation@shdfnd@physx@@QEAAXW4Enum@PxErrorCode@3@PEBDH1ZZ 0000000180027d34 f   PhysXFoundation_64:PhysXFoundation_64.dll
 0001:00026d3a       __imp_load_?incRefCount@Foundation@shdfnd@physx@@SAXXZ 0000000180027d3a f   PhysXFoundation_64:PhysXFoundation_64.dll
 0001:00026d46       ?incRefCount@Foundation@shdfnd@physx@@SAXXZ 0000000180027d46 f   PhysXFoundation_64:PhysXFoundation_64.dll
 0001:00026d4c       __imp_load_?decRefCount@Foundation@shdfnd@physx@@SAXXZ 0000000180027d4c f   PhysXFoundation_64:PhysXFoundation_64.dll
 0001:00026d58       ?decRefCount@Foundation@shdfnd@physx@@SAXXZ 0000000180027d58 f   PhysXFoundation_64:PhysXFoundation_64.dll
 0001:00026d5e       __imp_load_??0FPUGuard@shdfnd@physx@@QEAA@XZ 0000000180027d5e f   PhysXFoundation_64:PhysXFoundation_64.dll
 0001:00026d6a       ??0FPUGuard@shdfnd@physx@@QEAA@XZ 0000000180027d6a f   PhysXFoundation_64:PhysXFoundation_64.dll
 0001:00026d70       __imp_load_??1FPUGuard@shdfnd@physx@@QEAA@XZ 0000000180027d70 f   PhysXFoundation_64:PhysXFoundation_64.dll
 0001:00026d7c       ??1FPUGuard@shdfnd@physx@@QEAA@XZ 0000000180027d7c f   PhysXFoundation_64:PhysXFoundation_64.dll
 0001:00026d82       __imp_load_?allocate@TempAllocator@shdfnd@physx@@QEAAPEAX_KPEBDH@Z 0000000180027d82 f   PhysXFoundation_64:PhysXFoundation_64.dll
 0001:00026d8e       ?allocate@TempAllocator@shdfnd@physx@@QEAAPEAX_KPEBDH@Z 0000000180027d8e f   PhysXFoundation_64:PhysXFoundation_64.dll
 0001:00026d94       __imp_load_?deallocate@TempAllocator@shdfnd@physx@@QEAAXPEAX@Z 0000000180027d94 f   PhysXFoundation_64:PhysXFoundation_64.dll
 0001:00026da0       ?deallocate@TempAllocator@shdfnd@physx@@QEAAXPEAX@Z 0000000180027da0 f   PhysXFoundation_64:PhysXFoundation_64.dll
 0001:00026da6       __imp_load_?PxDiagonalize@physx@@YA?AVPxVec3@1@AEBVPxMat33@1@AEAVPxQuat@1@@Z 0000000180027da6 f   PhysXFoundation_64:PhysXFoundation_64.dll
 0001:00026db2       ?PxDiagonalize@physx@@YA?AVPxVec3@1@AEBVPxMat33@1@AEAVPxQuat@1@@Z 0000000180027db2 f   PhysXFoundation_64:PhysXFoundation_64.dll
 0001:00026db8       ?DloadAcquireSectionWriteAccess@@YAXXZ 0000000180027db8 f i Delayimp:delayhlp.obj
 0001:00026e64       ?DloadGetSRWLockFunctionPointers@@YAEXZ 0000000180027e64 f i Delayimp:delayhlp.obj
 0001:00026f00       ?DloadMakePermanentImageCommit@@YAXPEAX_K@Z 0000000180027f00 f i Delayimp:delayhlp.obj
 0001:00026f98       ?DloadObtainSection@@YAPEAXPEAK0@Z 0000000180027f98 f i Delayimp:delayhlp.obj
 0001:00027034       ?DloadProtectSection@@YAXKPEAK@Z 0000000180028034 f i Delayimp:delayhlp.obj
 0001:000270c4       ?DloadReleaseSectionWriteAccess@@YAXXZ 00000001800280c4 f i Delayimp:delayhlp.obj
 0001:00027158       __delayLoadHelper2         0000000180028158 f   Delayimp:delayhlp.obj
 0001:0002742c       ??3@YAXPEAX_K@Z            000000018002842c f   MSVCRT:delete_scalar_size.obj
 0001:0002742c       ??_V@YAXPEAX@Z             000000018002842c f   MSVCRT:delete_array.obj
 0001:00027434       ??_Etype_info@@UEAAPEAXI@Z 0000000180028434 f i MSVCRT:std_type_info_static.obj
 0001:00027434       ??_Gtype_info@@UEAAPEAXI@Z 0000000180028434 f i MSVCRT:std_type_info_static.obj
 0001:00027460       ?__scrt_initialize_type_info@@YAXXZ 0000000180028460 f   MSVCRT:tncleanup.obj
 0001:00027470       ?__scrt_uninitialize_type_info@@YAXXZ 0000000180028470 f   MSVCRT:tncleanup.obj
 0001:00027490       __chkstk                   0000000180028490 f   MSVCRT:chkstk.obj
 0001:00027490       _alloca_probe              0000000180028490 f   MSVCRT:chkstk.obj
 0001:000274e4       ??3@YAXPEAX@Z              00000001800284e4 f   MSVCRT:delete_scalar.obj
 0001:000274f0       __vdecl_sinf4              00000001800284f0 f   MSVCRT:svml_ssinf4_dispatch.obj
 0001:00027510       __libm_sse2_sincosf_       0000000180028510 f   MSVCRT:svml_ssinf4_dispatch.obj
 0001:00027553       __libm_sse2_sincosf4_      0000000180028553 f   MSVCRT:svml_ssinf4_dispatch.obj
 0001:00027880       _DllMainCRTStartup         0000000180028880 f   MSVCRT:dll_dllmain.obj
 0001:000278c0       __isa_available_init       00000001800288c0 f   MSVCRT:cpu_disp.obj
 0001:00027a70       __sse2_sinf4@@16           0000000180028a70 f   MSVCRT:svml_ssinf4_sse2.obj
 0001:000283b0       __sse4_sinf4@@16           00000001800293b0 f   MSVCRT:svml_ssinf4_sse4.obj
 0001:00028b24       __security_init_cookie     0000000180029b24 f   MSVCRT:gs_support.obj
 0001:00028bd0       DllMain                    0000000180029bd0 f   MSVCRT:dll_dllmain_stub.obj
 0001:00028bf4       __local_stdio_printf_options 0000000180029bf4 f i MSVCRT:default_local_stdio_options.obj
 0001:00028bfc       __local_stdio_scanf_options 0000000180029bfc f i MSVCRT:default_local_stdio_options.obj
 0001:00028c04       __scrt_initialize_default_local_stdio_options 0000000180029c04 f   MSVCRT:default_local_stdio_options.obj
 0001:00028c20       __scrt_acquire_startup_lock 0000000180029c20 f   MSVCRT:utility.obj
 0001:00028c5c       __scrt_dllmain_after_initialize_c 0000000180029c5c f   MSVCRT:utility.obj
 0001:00028c90       __scrt_dllmain_before_initialize_c 0000000180029c90 f   MSVCRT:utility.obj
 0001:00028ca8       __scrt_dllmain_crt_thread_attach 0000000180029ca8 f   MSVCRT:utility.obj
 0001:00028cd0       __scrt_dllmain_crt_thread_detach 0000000180029cd0 f   MSVCRT:utility.obj
 0001:00028ce8       __scrt_dllmain_exception_filter 0000000180029ce8 f   MSVCRT:utility.obj
 0001:00028d48       __scrt_dllmain_uninitialize_c 0000000180029d48 f   MSVCRT:utility.obj
 0001:00028d78       __scrt_dllmain_uninitialize_critical 0000000180029d78 f   MSVCRT:utility.obj
 0001:00028d8c       __scrt_initialize_crt      0000000180029d8c f   MSVCRT:utility.obj
 0001:00028dd8       __scrt_initialize_onexit_tables 0000000180029dd8 f   MSVCRT:utility.obj
 0001:00028e64       __scrt_is_nonwritable_in_current_image 0000000180029e64 f   MSVCRT:utility.obj
 0001:00028efc       __scrt_release_startup_lock 0000000180029efc f   MSVCRT:utility.obj
 0001:00028f20       __scrt_uninitialize_crt    0000000180029f20 f   MSVCRT:utility.obj
 0001:00028f4c       __scrt_get_dyn_tls_init_callback 0000000180029f4c f   MSVCRT:dyn_tls_init.obj
 0001:00028f54       __crt_debugger_hook        0000000180029f54 f   MSVCRT:utility_desktop.obj
 0001:00028f5c       __scrt_fastfail            0000000180029f5c f   MSVCRT:utility_desktop.obj
 0001:000290a8       _RTC_Initialize            000000018002a0a8 f   MSVCRT:initsect.obj
 0001:000290e4       _RTC_Terminate             000000018002a0e4 f   MSVCRT:initsect.obj
 0001:00029120       __common_ssin_cout_rare    000000018002a120 f   MSVCRT:svml_s_sin_cout.obj
 0001:00029190       __scrt_is_ucrt_dll_in_use  000000018002a190 f   MSVCRT:ucrt_detection.obj
 0001:0002919c       _purecall                  000000018002a19c f   vcruntime:VCRUNTIME140.dll
 0001:000291a2       __std_type_info_name       000000018002a1a2 f   vcruntime:VCRUNTIME140.dll
 0001:000291a8       memset                     000000018002a1a8 f   vcruntime:VCRUNTIME140.dll
 0001:000291ae       memcpy                     000000018002a1ae f   vcruntime:VCRUNTIME140.dll
 0001:000291b4       strstr                     000000018002a1b4 f   vcruntime:VCRUNTIME140.dll
 0001:000291ba       __std_type_info_destroy_list 000000018002a1ba f   vcruntime:VCRUNTIME140.dll
 0001:000291c0       __C_specific_handler       000000018002a1c0 f   vcruntime:VCRUNTIME140.dll
 0001:000291c6       strcmp                     000000018002a1c6 f   ucrt:api-ms-win-crt-string-l1-1-0.dll
 0001:000291cc       atan2f                     000000018002a1cc f   ucrt:api-ms-win-crt-math-l1-1-0.dll
 0001:000291d2       free                       000000018002a1d2 f   ucrt:api-ms-win-crt-heap-l1-1-0.dll
 0001:000291d8       _initterm                  000000018002a1d8 f   ucrt:api-ms-win-crt-runtime-l1-1-0.dll
 0001:000291de       _initterm_e                000000018002a1de f   ucrt:api-ms-win-crt-runtime-l1-1-0.dll
 0001:000291e4       _seh_filter_dll            000000018002a1e4 f   ucrt:api-ms-win-crt-runtime-l1-1-0.dll
 0001:000291ea       _configure_narrow_argv     000000018002a1ea f   ucrt:api-ms-win-crt-runtime-l1-1-0.dll
 0001:000291f0       _initialize_narrow_environment 000000018002a1f0 f   ucrt:api-ms-win-crt-runtime-l1-1-0.dll
 0001:000291f6       _initialize_onexit_table   000000018002a1f6 f   ucrt:api-ms-win-crt-runtime-l1-1-0.dll
 0001:000291fc       _execute_onexit_table      000000018002a1fc f   ucrt:api-ms-win-crt-runtime-l1-1-0.dll
 0001:00029202       _cexit                     000000018002a202 f   ucrt:api-ms-win-crt-runtime-l1-1-0.dll
 0001:00029208       __scrt_stub_for_acrt_thread_detach 000000018002a208 f   MSVCRT:ucrt_stubs.obj
 0001:00029208       __scrt_stub_for_acrt_uninitialize_critical 000000018002a208 f   MSVCRT:ucrt_stubs.obj
 0001:00029208       __vcrt_uninitialize_critical 000000018002a208 f   MSVCRT:ucrt_stubs.obj
 0001:00029208       __vcrt_thread_detach       000000018002a208 f   MSVCRT:ucrt_stubs.obj
 0001:00029208       __acrt_thread_detach       000000018002a208 f   MSVCRT:ucrt_stubs.obj
 0001:00029208       __scrt_stub_for_acrt_thread_attach 000000018002a208 f   MSVCRT:ucrt_stubs.obj
 0001:00029208       __vcrt_uninitialize        000000018002a208 f   MSVCRT:ucrt_stubs.obj
 0001:00029208       __scrt_stub_for_acrt_uninitialize 000000018002a208 f   MSVCRT:ucrt_stubs.obj
 0001:00029208       __vcrt_thread_attach       000000018002a208 f   MSVCRT:ucrt_stubs.obj
 0001:00029208       __acrt_uninitialize        000000018002a208 f   MSVCRT:ucrt_stubs.obj
 0001:00029208       __acrt_initialize          000000018002a208 f   MSVCRT:ucrt_stubs.obj
 0001:00029208       __vcrt_initialize          000000018002a208 f   MSVCRT:ucrt_stubs.obj
 0001:00029208       __acrt_uninitialize_critical 000000018002a208 f   MSVCRT:ucrt_stubs.obj
 0001:00029208       __acrt_thread_attach       000000018002a208 f   MSVCRT:ucrt_stubs.obj
 0001:00029208       __scrt_stub_for_acrt_initialize 000000018002a208 f   MSVCRT:ucrt_stubs.obj
 0001:00029220       _guard_dispatch_icall_nop  000000018002a220 f   MSVCRT:guard_dispatch.obj
 0001:00029240       _guard_xfg_dispatch_icall_nop 000000018002a240 f   MSVCRT:guard_xfg_dispatch.obj
 0002:00000000       __imp_LoadLibraryA         000000018002b000     kernel32:KERNEL32.dll
 0002:00000008       __imp_SetUnhandledExceptionFilter 000000018002b008     kernel32:KERNEL32.dll
 0002:00000010       __imp_UnhandledExceptionFilter 000000018002b010     kernel32:KERNEL32.dll
 0002:00000018       __imp_IsDebuggerPresent    000000018002b018     kernel32:KERNEL32.dll
 0002:00000020       __imp_RtlVirtualUnwind     000000018002b020     kernel32:KERNEL32.dll
 0002:00000028       __imp_RtlLookupFunctionEntry 000000018002b028     kernel32:KERNEL32.dll
 0002:00000030       __imp_RtlCaptureContext    000000018002b030     kernel32:KERNEL32.dll
 0002:00000038       __imp_DisableThreadLibraryCalls 000000018002b038     kernel32:KERNEL32.dll
 0002:00000040       __imp_GetSystemTimeAsFileTime 000000018002b040     kernel32:KERNEL32.dll
 0002:00000048       __imp_GetCurrentThreadId   000000018002b048     kernel32:KERNEL32.dll
 0002:00000050       __imp_GetCurrentProcessId  000000018002b050     kernel32:KERNEL32.dll
 0002:00000058       __imp_QueryPerformanceCounter 000000018002b058     kernel32:KERNEL32.dll
 0002:00000060       __imp_InitializeSListHead  000000018002b060     kernel32:KERNEL32.dll
 0002:00000068       __imp_LoadLibraryExA       000000018002b068     kernel32:KERNEL32.dll
 0002:00000070       __imp_GetProcAddress       000000018002b070     kernel32:KERNEL32.dll
 0002:00000078       __imp_GetModuleHandleW     000000018002b078     kernel32:KERNEL32.dll
 0002:00000080       __imp_FreeLibrary          000000018002b080     kernel32:KERNEL32.dll
 0002:00000088       __imp_VirtualQuery         000000018002b088     kernel32:KERNEL32.dll
 0002:00000090       __imp_VirtualProtect       000000018002b090     kernel32:KERNEL32.dll
 0002:00000098       __imp_GetSystemInfo        000000018002b098     kernel32:KERNEL32.dll
 0002:000000a0       __imp_GetLastError         000000018002b0a0     kernel32:KERNEL32.dll
 0002:000000a8       __imp_RaiseException       000000018002b0a8     kernel32:KERNEL32.dll
 0002:000000b0       __imp_IsProcessorFeaturePresent 000000018002b0b0     kernel32:KERNEL32.dll
 0002:000000b8       \177KERNEL32_NULL_THUNK_DATA 000000018002b0b8     kernel32:KERNEL32.dll
 0002:000000c0       __imp_memcpy               000000018002b0c0     vcruntime:VCRUNTIME140.dll
 0002:000000c8       __imp_strstr               000000018002b0c8     vcruntime:VCRUNTIME140.dll
 0002:000000d0       __imp___std_type_info_destroy_list 000000018002b0d0     vcruntime:VCRUNTIME140.dll
 0002:000000d8       __imp___C_specific_handler 000000018002b0d8     vcruntime:VCRUNTIME140.dll
 0002:000000e0       __imp_memset               000000018002b0e0     vcruntime:VCRUNTIME140.dll
 0002:000000e8       __imp__purecall            000000018002b0e8     vcruntime:VCRUNTIME140.dll
 0002:000000f0       __imp___std_type_info_name 000000018002b0f0     vcruntime:VCRUNTIME140.dll
[...]
 0002:00006298       rgwOrd                     0000000180031298     PhysXCooking_64.exp
 0002:0000638c       szName                     000000018003138c     PhysXCooking_64.exp
 0002:000063a0       $N00001                    00000001800313a0     PhysXCooking_64.exp
 0002:000063cf       $N00002                    00000001800313cf     PhysXCooking_64.exp
 0002:000063f6       $N00003                    00000001800313f6     PhysXCooking_64.exp
 0002:00006431       $N00004                    0000000180031431     PhysXCooking_64.exp
 0002:00006458       $N00005                    0000000180031458     PhysXCooking_64.exp
 0002:00006484       $N00006                    0000000180031484     PhysXCooking_64.exp
 0002:000064a5       $N00007                    00000001800314a5     PhysXCooking_64.exp
 0002:000064da       $N00008                    00000001800314da     PhysXCooking_64.exp
 0002:000064f3       $N00009                    00000001800314f3     PhysXCooking_64.exp
 0002:00006513       $N00010                    0000000180031513     PhysXCooking_64.exp
 0002:0000653c       $N00011                    000000018003153c     PhysXCooking_64.exp
 0002:00006563       $N00012                    0000000180031563     PhysXCooking_64.exp
 0002:00006592       $N00013                    0000000180031592     PhysXCooking_64.exp
 0002:000065bf       $N00014                    00000001800315bf     PhysXCooking_64.exp
 0002:000065f0       $N00015                    00000001800315f0     PhysXCooking_64.exp
 0002:00006615       $N00016                    0000000180031615     PhysXCooking_64.exp
 0002:00006640       $N00017                    0000000180031640     PhysXCooking_64.exp
 0002:00006666       $N00018                    0000000180031666     PhysXCooking_64.exp
 0002:00006685       $N00019                    0000000180031685     PhysXCooking_64.exp
 0002:000066bb       $N00020                    00000001800316bb     PhysXCooking_64.exp
 0002:000066e5       $N00021                    00000001800316e5     PhysXCooking_64.exp
 0002:0000670c       $N00022                    000000018003170c     PhysXCooking_64.exp
 0002:00006735       $N00023                    0000000180031735     PhysXCooking_64.exp
 0002:0000674e       $N00024                    000000018003174e     PhysXCooking_64.exp
 0002:00006773       $N00025                    0000000180031773     PhysXCooking_64.exp
 0002:00006792       $N00026                    0000000180031792     PhysXCooking_64.exp
 0002:000067b1       $N00027                    00000001800317b1     PhysXCooking_64.exp
 0002:000067d1       $N00028                    00000001800317d1     PhysXCooking_64.exp
 0002:00006807       $N00029                    0000000180031807     PhysXCooking_64.exp
 0002:0000683f       $N00030                    000000018003183f     PhysXCooking_64.exp
 0002:00006873       $N00031                    0000000180031873     PhysXCooking_64.exp
 0002:000068a5       $N00032                    00000001800318a5     PhysXCooking_64.exp
 0002:000068d2       $N00033                    00000001800318d2     PhysXCooking_64.exp
 0002:000068fa       $N00034                    00000001800318fa     PhysXCooking_64.exp
 0002:0000692b       $N00035                    000000018003192b     PhysXCooking_64.exp
 0002:0000695a       $N00036                    000000018003195a     PhysXCooking_64.exp
 0002:0000698a       $N00037                    000000018003198a     PhysXCooking_64.exp
 0002:000069b8       $N00038                    00000001800319b8     PhysXCooking_64.exp
 0002:000069e9       $N00039                    00000001800319e9     PhysXCooking_64.exp
 0002:00006a1f       $N00040                    0000000180031a1f     PhysXCooking_64.exp
 0002:00006a53       $N00041                    0000000180031a53     PhysXCooking_64.exp
 0002:00006a85       $N00042                    0000000180031a85     PhysXCooking_64.exp
 0002:00006ab7       $N00043                    0000000180031ab7     PhysXCooking_64.exp
 0002:00006ae3       $N00044                    0000000180031ae3     PhysXCooking_64.exp
 0002:00006aff       $N00045                    0000000180031aff     PhysXCooking_64.exp
 0002:00006b29       $N00046                    0000000180031b29     PhysXCooking_64.exp
 0002:00006b4d       $N00047                    0000000180031b4d     PhysXCooking_64.exp
 0002:00006b7f       $N00048                    0000000180031b7f     PhysXCooking_64.exp
 0002:00006ba6       $N00049                    0000000180031ba6     PhysXCooking_64.exp
 0002:00006bd4       $N00050                    0000000180031bd4     PhysXCooking_64.exp
 0002:00006bff       $N00051                    0000000180031bff     PhysXCooking_64.exp
 0002:00006c2c       $N00052                    0000000180031c2c     PhysXCooking_64.exp
 0002:00006c55       $N00053                    0000000180031c55     PhysXCooking_64.exp
 0002:00006c84       $N00054                    0000000180031c84     PhysXCooking_64.exp
 0002:00006cad       $N00055                    0000000180031cad     PhysXCooking_64.exp
 0002:00006cd6       $N00056                    0000000180031cd6     PhysXCooking_64.exp
 0002:00006d04       $N00057                    0000000180031d04     PhysXCooking_64.exp
 0002:00006d2c       $N00058                    0000000180031d2c     PhysXCooking_64.exp
 0002:00006d67       $N00059                    0000000180031d67     PhysXCooking_64.exp
 0002:00006d91       $N00060                    0000000180031d91     PhysXCooking_64.exp
 0002:00006dc5       $N00061                    0000000180031dc5     PhysXCooking_64.exp
 0002:00006dfb       $N00062                    0000000180031dfb     PhysXCooking_64.exp
 0002:00006e37       $N00063                    0000000180031e37     PhysXCooking_64.exp
 0002:00006e7f       $N00064                    0000000180031e7f     PhysXCooking_64.exp
 0002:00006ecf       $N00065                    0000000180031ecf     PhysXCooking_64.exp
 0002:00006f03       $N00066                    0000000180031f03     PhysXCooking_64.exp
 0002:00006f38       $N00067                    0000000180031f38     PhysXCooking_64.exp
 0002:00006f6e       $N00068                    0000000180031f6e     PhysXCooking_64.exp
 0002:00006f95       $N00069                    0000000180031f95     PhysXCooking_64.exp
 0002:00006fdd       $N00070                    0000000180031fdd     PhysXCooking_64.exp
 0002:00007023       $N00071                    0000000180032023     PhysXCooking_64.exp
 0002:0000707b       $N00072                    000000018003207b     PhysXCooking_64.exp
 0002:000070c2       $N00073                    00000001800320c2     PhysXCooking_64.exp
 0002:000070ed       $N00074                    00000001800320ed     PhysXCooking_64.exp
 0002:0000711d       $N00075                    000000018003211d     PhysXCooking_64.exp
 0002:0000716d       $N00076                    000000018003216d     PhysXCooking_64.exp
 0002:0000721c       $N00077                    000000018003221c     PhysXCooking_64.exp
 0002:0000727a       $N00078                    000000018003227a     PhysXCooking_64.exp
 0002:000072a6       $N00079                    00000001800322a6     PhysXCooking_64.exp
 0002:000072d2       $N00080                    00000001800322d2     PhysXCooking_64.exp
 0002:00007307       $N00081                    0000000180032307     PhysXCooking_64.exp
 0002:00007330       $N00082                    0000000180032330     PhysXCooking_64.exp
 0002:0000736c       $N00083                    000000018003236c     PhysXCooking_64.exp
 0002:00007398       $N00084                    0000000180032398     PhysXCooking_64.exp
 0002:000073cb       $N00085                    00000001800323cb     PhysXCooking_64.exp
 0002:00007418       $N00086                    0000000180032418     PhysXCooking_64.exp
 0002:0000744b       $N00087                    000000018003244b     PhysXCooking_64.exp
 0002:00007485       $N00088                    0000000180032485     PhysXCooking_64.exp
 0002:000074bf       $N00089                    00000001800324bf     PhysXCooking_64.exp
 0002:000074fb       $N00090                    00000001800324fb     PhysXCooking_64.exp
 0002:0000753f       $N00091                    000000018003253f     PhysXCooking_64.exp
 0002:0000756e       $N00092                    000000018003256e     PhysXCooking_64.exp
 0002:000075e8       $N00093                    00000001800325e8     PhysXCooking_64.exp
 0002:00007645       $N00094                    0000000180032645     PhysXCooking_64.exp
 0002:00007671       $N00095                    0000000180032671     PhysXCooking_64.exp
 0002:000076a5       $N00096                    00000001800326a5     PhysXCooking_64.exp
 0002:000076de       $N00097                    00000001800326de     PhysXCooking_64.exp
 0002:0000771b       $N00098                    000000018003271b     PhysXCooking_64.exp
 0002:00007751       $N00099                    0000000180032751     PhysXCooking_64.exp
 0002:0000777e       $N00100                    000000018003277e     PhysXCooking_64.exp
 0002:000077ab       $N00101                    00000001800327ab     PhysXCooking_64.exp
 0002:000077d6       $N00102                    00000001800327d6     PhysXCooking_64.exp
 0002:00007802       $N00103                    0000000180032802     PhysXCooking_64.exp
 0002:0000782f       $N00104                    000000018003282f     PhysXCooking_64.exp
 0002:0000784f       $N00105                    000000018003284f     PhysXCooking_64.exp
 0002:0000788b       $N00106                    000000018003288b     PhysXCooking_64.exp
 0002:000078bc       $N00107                    00000001800328bc     PhysXCooking_64.exp
 0002:000078ee       $N00108                    00000001800328ee     PhysXCooking_64.exp
 0002:00007930       $N00109                    0000000180032930     PhysXCooking_64.exp
 0002:0000795d       $N00110                    000000018003295d     PhysXCooking_64.exp
 0002:00007981       $N00111                    0000000180032981     PhysXCooking_64.exp
 0002:000079b1       $N00112                    00000001800329b1     PhysXCooking_64.exp
 0002:000079e4       $N00113                    00000001800329e4     PhysXCooking_64.exp
 0002:00007a09       $N00114                    0000000180032a09     PhysXCooking_64.exp
 0002:00007a37       $N00115                    0000000180032a37     PhysXCooking_64.exp
 0002:00007a5f       $N00116                    0000000180032a5f     PhysXCooking_64.exp
 0002:00007a7f       $N00117                    0000000180032a7f     PhysXCooking_64.exp
 0002:00007ac4       $N00118                    0000000180032ac4     PhysXCooking_64.exp
 0002:00007b01       $N00119                    0000000180032b01     PhysXCooking_64.exp
 0002:00007b3e       $N00120                    0000000180032b3e     PhysXCooking_64.exp
 0002:00007b71       $N00121                    0000000180032b71     PhysXCooking_64.exp
 0002:00007b81       $N00122                    0000000180032b81     PhysXCooking_64.exp
 0002:00007dc0       .idata$6                   0000000180032dc0     kernel32:KERNEL32.dll
 0002:00007e48       .idata$6                   0000000180032e48     vcruntime:VCRUNTIME140.dll
 0002:00007f28       .idata$6                   0000000180032f28     ucrt:api-ms-win-crt-string-l1-1-0.dll
 0002:00007f4a       .idata$6                   0000000180032f4a     ucrt:api-ms-win-crt-math-l1-1-0.dll
 0002:00007f6a       .idata$6                   0000000180032f6a     ucrt:api-ms-win-crt-heap-l1-1-0.dll
 0002:00007f8a       .idata$6                   0000000180032f8a     ucrt:api-ms-win-crt-runtime-l1-1-0.dll
 0003:00000000       ?MAXDOT_MINANG@local@@3MB  0000000180034000     ConvexHullUtils.obj
 0003:00000004       ?MAXDOT_MINANG@local@@3MB  0000000180034004     QuickHullConvexHullLib.obj
 0003:000007b0       ?maxV3Error@_VecMathTests@aos@shdfnd@physx@@3T__m128@@B 00000001800347b0     Cooking.obj
 0003:000007c0       ?minFError@_VecMathTests@aos@shdfnd@physx@@3T__m128@@B 00000001800347c0     Cooking.obj
 0003:000007d0       ?maxV4Error@_VecMathTests@aos@shdfnd@physx@@3T__m128@@B 00000001800347d0     Cooking.obj
 0003:000007e0       ?minV4Error@_VecMathTests@aos@shdfnd@physx@@3T__m128@@B 00000001800347e0     Cooking.obj
 0003:000007f0       ?minV3Error@_VecMathTests@aos@shdfnd@physx@@3T__m128@@B 00000001800347f0     Cooking.obj
 0003:00000800       ?maxFError@_VecMathTests@aos@shdfnd@physx@@3T__m128@@B 0000000180034800     Cooking.obj
 0003:00000810       ?maxV3Error@_VecMathTests@aos@shdfnd@physx@@3T__m128@@B 0000000180034810     BVHStructureBuilder.obj
 0003:00000820       ?minFError@_VecMathTests@aos@shdfnd@physx@@3T__m128@@B 0000000180034820     BVHStructureBuilder.obj
 0003:00000830       ?maxV4Error@_VecMathTests@aos@shdfnd@physx@@3T__m128@@B 0000000180034830     BVHStructureBuilder.obj
 0003:00000840       ?minV4Error@_VecMathTests@aos@shdfnd@physx@@3T__m128@@B 0000000180034840     BVHStructureBuilder.obj
 0003:00000850       ?minV3Error@_VecMathTests@aos@shdfnd@physx@@3T__m128@@B 0000000180034850     BVHStructureBuilder.obj
 0003:00000860       ?maxFError@_VecMathTests@aos@shdfnd@physx@@3T__m128@@B 0000000180034860     BVHStructureBuilder.obj
 0003:00000870       ?maxV3Error@_VecMathTests@aos@shdfnd@physx@@3T__m128@@B 0000000180034870     RTreeCooking.obj
 0003:00000880       ?minFError@_VecMathTests@aos@shdfnd@physx@@3T__m128@@B 0000000180034880     RTreeCooking.obj
 0003:00000890       ?maxV4Error@_VecMathTests@aos@shdfnd@physx@@3T__m128@@B 0000000180034890     RTreeCooking.obj
 0003:000008a0       ?minV4Error@_VecMathTests@aos@shdfnd@physx@@3T__m128@@B 00000001800348a0     RTreeCooking.obj
 0003:000008b0       ?minV3Error@_VecMathTests@aos@shdfnd@physx@@3T__m128@@B 00000001800348b0     RTreeCooking.obj
 0003:000008c0       ?maxFError@_VecMathTests@aos@shdfnd@physx@@3T__m128@@B 00000001800348c0     RTreeCooking.obj
 0003:000008d0       ?maxV3Error@_VecMathTests@aos@shdfnd@physx@@3T__m128@@B 00000001800348d0     MeshBuilder.obj
 0003:000008e0       ?minFError@_VecMathTests@aos@shdfnd@physx@@3T__m128@@B 00000001800348e0     MeshBuilder.obj
 0003:000008f0       ?maxV4Error@_VecMathTests@aos@shdfnd@physx@@3T__m128@@B 00000001800348f0     MeshBuilder.obj
 0003:00000900       ?minV4Error@_VecMathTests@aos@shdfnd@physx@@3T__m128@@B 0000000180034900     MeshBuilder.obj
 0003:00000910       ?minV3Error@_VecMathTests@aos@shdfnd@physx@@3T__m128@@B 0000000180034910     MeshBuilder.obj
 0003:00000920       ?maxFError@_VecMathTests@aos@shdfnd@physx@@3T__m128@@B 0000000180034920     MeshBuilder.obj
 0003:00000930       ?maxV3Error@_VecMathTests@aos@shdfnd@physx@@3T__m128@@B 0000000180034930     TriangleMeshBuilder.obj
 0003:00000940       ?minFError@_VecMathTests@aos@shdfnd@physx@@3T__m128@@B 0000000180034940     TriangleMeshBuilder.obj
 0003:00000950       ?maxV4Error@_VecMathTests@aos@shdfnd@physx@@3T__m128@@B 0000000180034950     TriangleMeshBuilder.obj
 0003:00000960       ?minV4Error@_VecMathTests@aos@shdfnd@physx@@3T__m128@@B 0000000180034960     TriangleMeshBuilder.obj
 0003:00000970       ?minV3Error@_VecMathTests@aos@shdfnd@physx@@3T__m128@@B 0000000180034970     TriangleMeshBuilder.obj
 0003:00000980       ?maxFError@_VecMathTests@aos@shdfnd@physx@@3T__m128@@B 0000000180034980     TriangleMeshBuilder.obj
 0003:00000990       ?maxV3Error@_VecMathTests@aos@shdfnd@physx@@3T__m128@@B 0000000180034990     BigConvexDataBuilder.obj
 0003:000009a0       ?minFError@_VecMathTests@aos@shdfnd@physx@@3T__m128@@B 00000001800349a0     BigConvexDataBuilder.obj
 0003:000009b0       ?maxV4Error@_VecMathTests@aos@shdfnd@physx@@3T__m128@@B 00000001800349b0     BigConvexDataBuilder.obj
 0003:000009c0       ?minV4Error@_VecMathTests@aos@shdfnd@physx@@3T__m128@@B 00000001800349c0     BigConvexDataBuilder.obj
 0003:000009d0       ?minV3Error@_VecMathTests@aos@shdfnd@physx@@3T__m128@@B 00000001800349d0     BigConvexDataBuilder.obj
 0003:000009e0       ?maxFError@_VecMathTests@aos@shdfnd@physx@@3T__m128@@B 00000001800349e0     BigConvexDataBuilder.obj
 0003:000009f0       ?maxV3Error@_VecMathTests@aos@shdfnd@physx@@3T__m128@@B 00000001800349f0     ConvexHullBuilder.obj
 0003:00000a00       ?minFError@_VecMathTests@aos@shdfnd@physx@@3T__m128@@B 0000000180034a00     ConvexHullBuilder.obj
 0003:00000a10       ?maxV4Error@_VecMathTests@aos@shdfnd@physx@@3T__m128@@B 0000000180034a10     ConvexHullBuilder.obj
 0003:00000a20       ?minV4Error@_VecMathTests@aos@shdfnd@physx@@3T__m128@@B 0000000180034a20     ConvexHullBuilder.obj
 0003:00000a30       ?minV3Error@_VecMathTests@aos@shdfnd@physx@@3T__m128@@B 0000000180034a30     ConvexHullBuilder.obj
 0003:00000a40       ?maxFError@_VecMathTests@aos@shdfnd@physx@@3T__m128@@B 0000000180034a40     ConvexHullBuilder.obj
 0003:00000a50       ?maxV3Error@_VecMathTests@aos@shdfnd@physx@@3T__m128@@B 0000000180034a50     ConvexHullUtils.obj
 0003:00000a60       ?minFError@_VecMathTests@aos@shdfnd@physx@@3T__m128@@B 0000000180034a60     ConvexHullUtils.obj
 0003:00000a70       ?maxV4Error@_VecMathTests@aos@shdfnd@physx@@3T__m128@@B 0000000180034a70     ConvexHullUtils.obj
 0003:00000a80       ?minV4Error@_VecMathTests@aos@shdfnd@physx@@3T__m128@@B 0000000180034a80     ConvexHullUtils.obj
 0003:00000a90       ?minV3Error@_VecMathTests@aos@shdfnd@physx@@3T__m128@@B 0000000180034a90     ConvexHullUtils.obj
 0003:00000aa0       ?maxFError@_VecMathTests@aos@shdfnd@physx@@3T__m128@@B 0000000180034aa0     ConvexHullUtils.obj
 0003:00000ab0       ?maxV3Error@_VecMathTests@aos@shdfnd@physx@@3T__m128@@B 0000000180034ab0     ConvexMeshBuilder.obj
 0003:00000ac0       ?minFError@_VecMathTests@aos@shdfnd@physx@@3T__m128@@B 0000000180034ac0     ConvexMeshBuilder.obj
 0003:00000ad0       ?maxV4Error@_VecMathTests@aos@shdfnd@physx@@3T__m128@@B 0000000180034ad0     ConvexMeshBuilder.obj
 0003:00000ae0       ?minV4Error@_VecMathTests@aos@shdfnd@physx@@3T__m128@@B 0000000180034ae0     ConvexMeshBuilder.obj
 0003:00000af0       ?minV3Error@_VecMathTests@aos@shdfnd@physx@@3T__m128@@B 0000000180034af0     ConvexMeshBuilder.obj
 0003:00000b00       ?maxFError@_VecMathTests@aos@shdfnd@physx@@3T__m128@@B 0000000180034b00     ConvexMeshBuilder.obj
 0003:00000b10       ?maxV3Error@_VecMathTests@aos@shdfnd@physx@@3T__m128@@B 0000000180034b10     VolumeIntegration.obj
 0003:00000b20       ?minFError@_VecMathTests@aos@shdfnd@physx@@3T__m128@@B 0000000180034b20     VolumeIntegration.obj
 0003:00000b30       ?maxV4Error@_VecMathTests@aos@shdfnd@physx@@3T__m128@@B 0000000180034b30     VolumeIntegration.obj
 0003:00000b40       ?minV4Error@_VecMathTests@aos@shdfnd@physx@@3T__m128@@B 0000000180034b40     VolumeIntegration.obj
 0003:00000b50       ?minV3Error@_VecMathTests@aos@shdfnd@physx@@3T__m128@@B 0000000180034b50     VolumeIntegration.obj
 0003:00000b60       ?maxFError@_VecMathTests@aos@shdfnd@physx@@3T__m128@@B 0000000180034b60     VolumeIntegration.obj
 0003:00000b70       ?gCookingDelayLoadHook@@3PEBVPxDelayLoadHook@physx@@EB 0000000180034b70     WindowsCookingDelayLoadHook.obj
 0003:00000bd0       ?__proc_attached@@3HA      0000000180034bd0     MSVCRT:dll_dllmain.obj
 0003:00000c08       ?is_initialized_as_dll@@3_NA 0000000180034c08     MSVCRT:utility.obj
 0003:00000c09       ?module_local_atexit_table_initialized@@3_NA 0000000180034c09     MSVCRT:utility.obj
 0003:00000c10       ?module_local_atexit_table@@3U_onexit_table_t@@A 0000000180034c10     MSVCRT:utility.obj
 0003:00000c28       ?module_local_at_quick_exit_table@@3U_onexit_table_t@@A 0000000180034c28     MSVCRT:utility.obj
 0005:00000000       _2il0floatpacket$19        0000000180037000     MSVCRT:svml_ssinf4_sse2.obj
 0005:00002200       _vmlsSinHATab              0000000180039200     MSVCRT:svml_s_sin_cout.obj
 0006:000000a0       $R000000                   000000018003a0a0     PhysXCooking.res
 0006:000003d0       $R000330                   000000018003a3d0     PhysXCooking.res
