c:\dev\smileengine\bin-int\debug-x64\smileengine\smileengine.pch
c:\dev\smileengine\bin-int\debug-x64\smileengine\vc142.pdb
c:\dev\smileengine\bin-int\debug-x64\smileengine\vc142.idb
c:\dev\smileengine\bin-int\debug-x64\smileengine\smpch.obj
c:\dev\smileengine\bin-int\debug-x64\smileengine\windowsinput.obj
c:\dev\smileengine\bin-int\debug-x64\smileengine\windowswindow.obj
c:\dev\smileengine\bin-int\debug-x64\smileengine\smilegame.obj
c:\dev\smileengine\bin-int\debug-x64\smileengine\logger.obj
c:\dev\smileengine\bin-int\debug-x64\smileengine\layer.obj
c:\dev\smileengine\bin-int\debug-x64\smileengine\layerstack.obj
c:\dev\smileengine\bin-int\debug-x64\smileengine\directx11context.obj
c:\dev\smileengine\bin\debug-x64\smileengine\smileengine.pdb
c:\dev\smileengine\bin-int\debug-x64\smileengine\smileengine.tlog\cl.command.1.tlog
c:\dev\smileengine\bin-int\debug-x64\smileengine\smileengine.tlog\cl.read.1.tlog
c:\dev\smileengine\bin-int\debug-x64\smileengine\smileengine.tlog\cl.write.1.tlog
c:\dev\smileengine\bin-int\debug-x64\smileengine\smileengine.tlog\link-cvtres.read.1.tlog
c:\dev\smileengine\bin-int\debug-x64\smileengine\smileengine.tlog\link-cvtres.write.1.tlog
c:\dev\smileengine\bin-int\debug-x64\smileengine\smileengine.tlog\link-rc.read.1.tlog
c:\dev\smileengine\bin-int\debug-x64\smileengine\smileengine.tlog\link-rc.write.1.tlog
c:\dev\smileengine\bin-int\debug-x64\smileengine\smileengine.tlog\link.command.1.tlog
c:\dev\smileengine\bin-int\debug-x64\smileengine\smileengine.tlog\link.read.1.tlog
c:\dev\smileengine\bin-int\debug-x64\smileengine\smileengine.tlog\link.write.1.tlog
