     Creating library C:\dev\SmileEngine\Build\bin\Release-x64\SmileEditor\SmileEditor.lib and object C:\dev\SmileEngine\Build\bin\Release-x64\SmileEditor\SmileEditor.exp
  Generating code
  Previous IPDB not found, fall back to full compilation.
  All 10474 functions were compiled because no usable IPDB/IOBJ from previous compilation was found.
  Finished generating code
dx11effects.lib(d3dxGlobal.obj) : warning LNK4099: PDB 'Effects11.pdb' was not found with 'dx11effects.lib(d3dxGlobal.obj)' or at 'C:\dev\SmileEngine\Build\bin\Release-x64\SmileEditor\Effects11.pdb'; linking object as if no debug info
dx11effects.lib(EffectAPI.obj) : warning LNK4099: PDB 'Effects11.pdb' was not found with 'dx11effects.lib(EffectAPI.obj)' or at 'C:\dev\SmileEngine\Build\bin\Release-x64\SmileEditor\Effects11.pdb'; linking object as if no debug info
dx11effects.lib(EffectLoad.obj) : warning LNK4099: PDB 'Effects11.pdb' was not found with 'dx11effects.lib(EffectLoad.obj)' or at 'C:\dev\SmileEngine\Build\bin\Release-x64\SmileEditor\Effects11.pdb'; linking object as if no debug info
dx11effects.lib(EffectNonRuntime.obj) : warning LNK4099: PDB 'Effects11.pdb' was not found with 'dx11effects.lib(EffectNonRuntime.obj)' or at 'C:\dev\SmileEngine\Build\bin\Release-x64\SmileEditor\Effects11.pdb'; linking object as if no debug info
dx11effects.lib(EffectReflection.obj) : warning LNK4099: PDB 'Effects11.pdb' was not found with 'dx11effects.lib(EffectReflection.obj)' or at 'C:\dev\SmileEngine\Build\bin\Release-x64\SmileEditor\Effects11.pdb'; linking object as if no debug info
dx11effects.lib(EffectRuntime.obj) : warning LNK4099: PDB 'Effects11.pdb' was not found with 'dx11effects.lib(EffectRuntime.obj)' or at 'C:\dev\SmileEngine\Build\bin\Release-x64\SmileEditor\Effects11.pdb'; linking object as if no debug info
  SmileEditor.vcxproj -> C:\dev\SmileEngine\Build\bin\Release-x64\SmileEditor\SmileEditor.exe
  C:\dev\SmileEngine\Thirdparty\assimp\x64\assimp-vc140-mt.dll
  1 File(s) copied
  C:\dev\SmileEngine\Thirdparty\PhysX\lib\Release\PhysX_64.dll
  1 File(s) copied
  C:\dev\SmileEngine\Thirdparty\PhysX\lib\Release\PhysXCommon_64.dll
  1 File(s) copied
  C:\dev\SmileEngine\Thirdparty\PhysX\lib\Release\PhysXCooking_64.dll
  1 File(s) copied
  C:\dev\SmileEngine\Thirdparty\PhysX\lib\Release\PhysXFoundation_64.dll
  1 File(s) copied
