c:\dev\smileengine\build\bin-int\debug-x64\smileengine\smileengine.pch
c:\dev\smileengine\build\bin\debug-x64\smileengine\smileengine.pdb
c:\dev\smileengine\build\bin\debug-x64\smileengine\smileengine.idb
c:\dev\smileengine\build\bin-int\debug-x64\smileengine\smpch.obj
c:\dev\smileengine\build\bin-int\debug-x64\smileengine\meshanimator.obj
c:\dev\smileengine\build\bin-int\debug-x64\smileengine\smilerastershader.obj
c:\dev\smileengine\build\bin-int\debug-x64\smileengine\smilerastertexture.obj
c:\dev\smileengine\build\bin-int\debug-x64\smileengine\skinnedmeshfilter.obj
c:\dev\smileengine\build\bin-int\debug-x64\smileengine\rasterizerstate.obj
c:\dev\smileengine\build\bin-int\debug-x64\smileengine\meshloaderutils.obj
c:\dev\smileengine\build\bin-int\debug-x64\smileengine\meshfilter.obj
c:\dev\smileengine\build\bin-int\debug-x64\smileengine\meshfactory.obj
c:\dev\smileengine\build\bin-int\debug-x64\smileengine\editorcamera.obj
c:\dev\smileengine\build\bin-int\debug-x64\smileengine\physicsutils.obj
c:\dev\smileengine\build\bin-int\debug-x64\smileengine\physicsengine.obj
c:\dev\smileengine\build\bin-int\debug-x64\smileengine\physicsdiagnostics.obj
c:\dev\smileengine\build\bin-int\debug-x64\smileengine\physicsactor.obj
c:\dev\smileengine\build\bin-int\debug-x64\smileengine\contactlistener.obj
c:\dev\smileengine\build\bin-int\debug-x64\smileengine\uuid.obj
c:\dev\smileengine\build\bin-int\debug-x64\smileengine\utils.obj
c:\dev\smileengine\build\bin-int\debug-x64\smileengine\renderpassmanager.obj
c:\dev\smileengine\build\bin-int\debug-x64\smileengine\vector2.obj
c:\dev\smileengine\build\bin-int\debug-x64\smileengine\math.obj
c:\dev\smileengine\build\bin-int\debug-x64\smileengine\directx11rasterizerstate.obj
c:\dev\smileengine\build\bin-int\debug-x64\smileengine\perspectivecameracontroller.obj
c:\dev\smileengine\build\bin-int\debug-x64\smileengine\perspectivecamera.obj
c:\dev\smileengine\build\bin-int\debug-x64\smileengine\staticmeshfilter.obj
c:\dev\smileengine\build\bin-int\debug-x64\smileengine\directx11texture.obj
c:\dev\smileengine\build\bin-int\debug-x64\smileengine\material.obj
c:\dev\smileengine\build\bin-int\debug-x64\smileengine\application.obj
c:\dev\smileengine\build\bin-int\debug-x64\smileengine\meshloader.obj
c:\dev\smileengine\build\bin-int\debug-x64\smileengine\logger.obj
c:\dev\smileengine\build\bin-int\debug-x64\smileengine\layerstack.obj
c:\dev\smileengine\build\bin-int\debug-x64\smileengine\layer.obj
c:\dev\smileengine\build\bin-int\debug-x64\smileengine\framebuffer.obj
c:\dev\smileengine\build\bin-int\debug-x64\smileengine\directx11framebuffer.obj
c:\dev\smileengine\build\bin-int\debug-x64\smileengine\scenecamera.obj
c:\dev\smileengine\build\bin-int\debug-x64\smileengine\sceneserializer.obj
c:\dev\smileengine\build\bin-int\debug-x64\smileengine\graphicscontext.obj
c:\dev\smileengine\build\bin-int\debug-x64\smileengine\smilerastercontext.obj
c:\dev\smileengine\build\bin-int\debug-x64\smileengine\smilerasterrendererapi.obj
c:\dev\smileengine\build\bin-int\debug-x64\smileengine\smilerasterbuffer.obj
c:\dev\smileengine\build\bin-int\debug-x64\smileengine\imguilayer.obj
c:\dev\smileengine\build\bin-int\debug-x64\smileengine\bone.obj
c:\dev\smileengine\build\bin-int\debug-x64\smileengine\texture.obj
c:\dev\smileengine\build\bin-int\debug-x64\smileengine\windowsinput.obj
c:\dev\smileengine\build\bin-int\debug-x64\smileengine\windowswindow.obj
c:\dev\smileengine\build\bin-int\debug-x64\smileengine\windowsplatformutils.obj
c:\dev\smileengine\build\bin-int\debug-x64\smileengine\timer.obj
c:\dev\smileengine\build\bin-int\debug-x64\smileengine\vertexarray.obj
c:\dev\smileengine\build\bin-int\debug-x64\smileengine\buffer.obj
c:\dev\smileengine\build\bin-int\debug-x64\smileengine\directx11context.obj
c:\dev\smileengine\build\bin-int\debug-x64\smileengine\directx11buffer.obj
c:\dev\smileengine\build\bin-int\debug-x64\smileengine\renderer.obj
c:\dev\smileengine\build\bin-int\debug-x64\smileengine\shader.obj
c:\dev\smileengine\build\bin-int\debug-x64\smileengine\directx11shader.obj
c:\dev\smileengine\build\bin-int\debug-x64\smileengine\rendererapi.obj
c:\dev\smileengine\build\bin-int\debug-x64\smileengine\rendercommand.obj
c:\dev\smileengine\build\bin-int\debug-x64\smileengine\directx11rendererapi.obj
c:\dev\smileengine\build\bin-int\debug-x64\smileengine\orthographiccamera.obj
c:\dev\smileengine\build\bin-int\debug-x64\smileengine\scene.obj
c:\dev\smileengine\build\bin-int\debug-x64\smileengine\imguizmo.obj
c:\dev\smileengine\build\bin-int\debug-x64\smileengine\imgui_widgets.obj
c:\dev\smileengine\build\bin-int\debug-x64\smileengine\imgui_impl_win32.obj
c:\dev\smileengine\build\bin-int\debug-x64\smileengine\imgui_impl_dx11.obj
c:\dev\smileengine\build\bin-int\debug-x64\smileengine\imgui_draw.obj
c:\dev\smileengine\build\bin-int\debug-x64\smileengine\imgui_demo.obj
c:\dev\smileengine\build\bin-int\debug-x64\smileengine\imgui.obj
c:\dev\smileengine\build\bin\debug-x64\smileengine\smileengine.lib
c:\dev\smileengine\build\bin-int\debug-x64\smileengine\smileengine.res
c:\dev\smileengine\build\bin-int\debug-x64\smileengine\smileengine.tlog\cl.command.1.tlog
c:\dev\smileengine\build\bin-int\debug-x64\smileengine\smileengine.tlog\cl.read.1.tlog
c:\dev\smileengine\build\bin-int\debug-x64\smileengine\smileengine.tlog\cl.write.1.tlog
c:\dev\smileengine\build\bin-int\debug-x64\smileengine\smileengine.tlog\lib-link-cvtres.read.1.tlog
c:\dev\smileengine\build\bin-int\debug-x64\smileengine\smileengine.tlog\lib-link-cvtres.write.1.tlog
c:\dev\smileengine\build\bin-int\debug-x64\smileengine\smileengine.tlog\lib.command.1.tlog
c:\dev\smileengine\build\bin-int\debug-x64\smileengine\smileengine.tlog\rc.command.1.tlog
c:\dev\smileengine\build\bin-int\debug-x64\smileengine\smileengine.tlog\rc.read.1.tlog
c:\dev\smileengine\build\bin-int\debug-x64\smileengine\smileengine.tlog\rc.write.1.tlog
