c:\dev\smileengine\build\bin\debug-x64\smile-engine\smile-engine.pdb
c:\dev\smileengine\build\bin\debug-x64\smile-engine\smile-engine.idb
c:\dev\smileengine\build\bin-int\debug-x64\smile-engine\imguizmo.obj
c:\dev\smileengine\build\bin-int\debug-x64\smile-engine\imgui_widgets.obj
c:\dev\smileengine\build\bin-int\debug-x64\smile-engine\imgui_impl_win32.obj
c:\dev\smileengine\build\bin-int\debug-x64\smile-engine\imgui_impl_dx11.obj
c:\dev\smileengine\build\bin-int\debug-x64\smile-engine\imgui_draw.obj
c:\dev\smileengine\build\bin-int\debug-x64\smile-engine\imgui_demo.obj
c:\dev\smileengine\build\bin-int\debug-x64\smile-engine\imgui.obj
c:\dev\smileengine\build\bin-int\debug-x64\smile-engine\directx11_context.obj
c:\dev\smileengine\build\bin-int\debug-x64\smile-engine\directx11_shader.obj
c:\dev\smileengine\build\bin-int\debug-x64\smile-engine\directx11_renderer_api.obj
c:\dev\smileengine\build\bin-int\debug-x64\smile-engine\directx11_texture.obj
c:\dev\smileengine\build\bin-int\debug-x64\smile-engine\directx11_frame_buffer.obj
c:\dev\smileengine\build\bin-int\debug-x64\smile-engine\directx11_vertex_buffer.obj
c:\dev\smileengine\build\bin-int\debug-x64\smile-engine\directx11_rasterizer_state.obj
c:\dev\smileengine\build\bin-int\debug-x64\smile-engine\directx11_diagnostics.obj
c:\dev\smileengine\build\bin-int\debug-x64\smile-engine\directx11_buffer.obj
c:\dev\smileengine\build\bin-int\debug-x64\smile-engine\directx11_index_buffer.obj
c:\dev\smileengine\build\bin-int\debug-x64\smile-engine\windows_input.obj
c:\dev\smileengine\build\bin-int\debug-x64\smile-engine\windows_window.obj
c:\dev\smileengine\build\bin-int\debug-x64\smile-engine\windows_platform_utils.obj
c:\dev\smileengine\build\bin-int\debug-x64\smile-engine\smile-engine.pch
c:\dev\smileengine\build\bin-int\debug-x64\smile-engine\smpch.obj
c:\dev\smileengine\build\bin-int\debug-x64\smile-engine\editor_camera.obj
c:\dev\smileengine\build\bin-int\debug-x64\smile-engine\physics_utils.obj
c:\dev\smileengine\build\bin-int\debug-x64\smile-engine\physics_diagnostics.obj
c:\dev\smileengine\build\bin-int\debug-x64\smile-engine\uuid.obj
c:\dev\smileengine\build\bin-int\debug-x64\smile-engine\utils.obj
c:\dev\smileengine\build\bin-int\debug-x64\smile-engine\vector4.obj
c:\dev\smileengine\build\bin-int\debug-x64\smile-engine\vector3.obj
c:\dev\smileengine\build\bin-int\debug-x64\smile-engine\vector2.obj
c:\dev\smileengine\build\bin-int\debug-x64\smile-engine\math.obj
c:\dev\smileengine\build\bin-int\debug-x64\smile-engine\logger.obj
c:\dev\smileengine\build\bin-int\debug-x64\smile-engine\layer_stack.obj
c:\dev\smileengine\build\bin-int\debug-x64\smile-engine\layer.obj
c:\dev\smileengine\build\bin-int\debug-x64\smile-engine\scene_camera.obj
c:\dev\smileengine\build\bin-int\debug-x64\smile-engine\smilerastercontext.obj
c:\dev\smileengine\build\bin-int\debug-x64\smile-engine\smilerasterrendererapi.obj
c:\dev\smileengine\build\bin-int\debug-x64\smile-engine\imgui_layer.obj
c:\dev\smileengine\build\bin-int\debug-x64\smile-engine\bone.obj
c:\dev\smileengine\build\bin-int\debug-x64\smile-engine\smilerastershader.obj
c:\dev\smileengine\build\bin-int\debug-x64\smile-engine\smilerastertexture.obj
c:\dev\smileengine\build\bin-int\debug-x64\smile-engine\mesh_loader_utils.obj
c:\dev\smileengine\build\bin-int\debug-x64\smile-engine\timer.obj
c:\dev\smileengine\build\bin-int\debug-x64\smile-engine\renderer_api.obj
c:\dev\smileengine\build\bin-int\debug-x64\smile-engine\perspective_camera.obj
c:\dev\smileengine\build\bin-int\debug-x64\smile-engine\material.obj
c:\dev\smileengine\build\bin-int\debug-x64\smile-engine\smilerasterbuffer.obj
c:\dev\smileengine\build\bin-int\debug-x64\smile-engine\mesh_animator.obj
c:\dev\smileengine\build\bin-int\debug-x64\smile-engine\skinned_mesh_filter.obj
c:\dev\smileengine\build\bin-int\debug-x64\smile-engine\rasterizer_state.obj
c:\dev\smileengine\build\bin-int\debug-x64\smile-engine\mesh_filter.obj
c:\dev\smileengine\build\bin-int\debug-x64\smile-engine\mesh_factory.obj
c:\dev\smileengine\build\bin-int\debug-x64\smile-engine\physics_engine.obj
c:\dev\smileengine\build\bin-int\debug-x64\smile-engine\physics_actor.obj
c:\dev\smileengine\build\bin-int\debug-x64\smile-engine\contact_listener.obj
c:\dev\smileengine\build\bin-int\debug-x64\smile-engine\vertex_buffer.obj
c:\dev\smileengine\build\bin-int\debug-x64\smile-engine\renderer.obj
c:\dev\smileengine\build\bin-int\debug-x64\smile-engine\orthographic_camera.obj
c:\dev\smileengine\build\bin-int\debug-x64\smile-engine\scene.obj
c:\dev\smileengine\build\bin-int\debug-x64\smile-engine\perspective_camera_controller.obj
c:\dev\smileengine\build\bin-int\debug-x64\smile-engine\static_mesh_filter.obj
c:\dev\smileengine\build\bin-int\debug-x64\smile-engine\application.obj
c:\dev\smileengine\build\bin-int\debug-x64\smile-engine\mesh_loader.obj
c:\dev\smileengine\build\bin-int\debug-x64\smile-engine\frame_buffer.obj
c:\dev\smileengine\build\bin-int\debug-x64\smile-engine\scene_serializer.obj
c:\dev\smileengine\build\bin-int\debug-x64\smile-engine\graphics_context.obj
c:\dev\smileengine\build\bin-int\debug-x64\smile-engine\texture.obj
c:\dev\smileengine\build\bin-int\debug-x64\smile-engine\vertex_array.obj
c:\dev\smileengine\build\bin-int\debug-x64\smile-engine\shader.obj
c:\dev\smileengine\build\bin-int\debug-x64\smile-engine\render_command.obj
c:\dev\smileengine\build\bin-int\debug-x64\smile-engine\smileraster_context.obj
c:\dev\smileengine\build\bin-int\debug-x64\smile-engine\smileraster_renderer_api.obj
c:\dev\smileengine\build\bin-int\debug-x64\smile-engine\smileraster_buffer.obj
c:\dev\smileengine\build\bin-int\debug-x64\smile-engine\smileraster_shader.obj
c:\dev\smileengine\build\bin-int\debug-x64\smile-engine\smileraster_texture.obj
c:\dev\smileengine\build\bin-int\debug-x64\smile-engine\index_buffer.obj
c:\dev\smileengine\build\bin\debug-x64\smile-engine\smile-engine.lib
c:\dev\smileengine\build\bin-int\debug-x64\smile-engine\smile-engine.res
c:\dev\smileengine\build\bin-int\debug-x64\smile-engine\contactlistener.obj
c:\dev\smileengine\build\bin-int\debug-x64\smile-engine\directx11buffer.obj
c:\dev\smileengine\build\bin-int\debug-x64\smile-engine\directx11context.obj
c:\dev\smileengine\build\bin-int\debug-x64\smile-engine\directx11diagnostics.obj
c:\dev\smileengine\build\bin-int\debug-x64\smile-engine\directx11framebuffer.obj
c:\dev\smileengine\build\bin-int\debug-x64\smile-engine\directx11indexbuffer.obj
c:\dev\smileengine\build\bin-int\debug-x64\smile-engine\directx11rasterizerstate.obj
c:\dev\smileengine\build\bin-int\debug-x64\smile-engine\directx11rendererapi.obj
c:\dev\smileengine\build\bin-int\debug-x64\smile-engine\directx11shader.obj
c:\dev\smileengine\build\bin-int\debug-x64\smile-engine\directx11texture.obj
c:\dev\smileengine\build\bin-int\debug-x64\smile-engine\directx11vertexbuffer.obj
c:\dev\smileengine\build\bin-int\debug-x64\smile-engine\editorcamera.obj
c:\dev\smileengine\build\bin-int\debug-x64\smile-engine\framebuffer.obj
c:\dev\smileengine\build\bin-int\debug-x64\smile-engine\graphicscontext.obj
c:\dev\smileengine\build\bin-int\debug-x64\smile-engine\imguilayer.obj
c:\dev\smileengine\build\bin-int\debug-x64\smile-engine\indexbuffer.obj
c:\dev\smileengine\build\bin-int\debug-x64\smile-engine\layerstack.obj
c:\dev\smileengine\build\bin-int\debug-x64\smile-engine\meshanimator.obj
c:\dev\smileengine\build\bin-int\debug-x64\smile-engine\meshfactory.obj
c:\dev\smileengine\build\bin-int\debug-x64\smile-engine\meshfilter.obj
c:\dev\smileengine\build\bin-int\debug-x64\smile-engine\meshloader.obj
c:\dev\smileengine\build\bin-int\debug-x64\smile-engine\meshloaderutils.obj
c:\dev\smileengine\build\bin-int\debug-x64\smile-engine\orthographiccamera.obj
c:\dev\smileengine\build\bin-int\debug-x64\smile-engine\perspectivecamera.obj
c:\dev\smileengine\build\bin-int\debug-x64\smile-engine\perspectivecameracontroller.obj
c:\dev\smileengine\build\bin-int\debug-x64\smile-engine\physicsactor.obj
c:\dev\smileengine\build\bin-int\debug-x64\smile-engine\physicsdiagnostics.obj
c:\dev\smileengine\build\bin-int\debug-x64\smile-engine\physicsengine.obj
c:\dev\smileengine\build\bin-int\debug-x64\smile-engine\physicsutils.obj
c:\dev\smileengine\build\bin-int\debug-x64\smile-engine\rasterizerstate.obj
c:\dev\smileengine\build\bin-int\debug-x64\smile-engine\rendercommand.obj
c:\dev\smileengine\build\bin-int\debug-x64\smile-engine\rendererapi.obj
c:\dev\smileengine\build\bin-int\debug-x64\smile-engine\scenecamera.obj
c:\dev\smileengine\build\bin-int\debug-x64\smile-engine\sceneserializer.obj
c:\dev\smileengine\build\bin-int\debug-x64\smile-engine\skinnedmeshfilter.obj
c:\dev\smileengine\build\bin-int\debug-x64\smile-engine\staticmeshfilter.obj
c:\dev\smileengine\build\bin-int\debug-x64\smile-engine\vertexarray.obj
c:\dev\smileengine\build\bin-int\debug-x64\smile-engine\vertexbuffer.obj
c:\dev\smileengine\build\bin-int\debug-x64\smile-engine\windowsinput.obj
c:\dev\smileengine\build\bin-int\debug-x64\smile-engine\windowsplatformutils.obj
c:\dev\smileengine\build\bin-int\debug-x64\smile-engine\windowswindow.obj
c:\dev\smileengine\build\bin-int\debug-x64\smile-engine\smile-engine.tlog\cl.command.1.tlog
c:\dev\smileengine\build\bin-int\debug-x64\smile-engine\smile-engine.tlog\cl.read.1.tlog
c:\dev\smileengine\build\bin-int\debug-x64\smile-engine\smile-engine.tlog\cl.write.1.tlog
c:\dev\smileengine\build\bin-int\debug-x64\smile-engine\smile-engine.tlog\lib-link-cvtres.read.1.tlog
c:\dev\smileengine\build\bin-int\debug-x64\smile-engine\smile-engine.tlog\lib-link-cvtres.write.1.tlog
c:\dev\smileengine\build\bin-int\debug-x64\smile-engine\smile-engine.tlog\lib.command.1.tlog
c:\dev\smileengine\build\bin-int\debug-x64\smile-engine\smile-engine.tlog\rc.command.1.tlog
c:\dev\smileengine\build\bin-int\debug-x64\smile-engine\smile-engine.tlog\rc.read.1.tlog
c:\dev\smileengine\build\bin-int\debug-x64\smile-engine\smile-engine.tlog\rc.write.1.tlog
