  smpch.cpp
  imgui.cpp
  imgui_demo.cpp
  imgui_draw.cpp
  imgui_impl_dx11.cpp
  imgui_impl_win32.cpp
  imgui_widgets.cpp
  Generating Code...
  ImGuiLayer.cpp
C:\dev\SmileEngine\SmileEngine\src\SmileEngine\Layer.h(23,26): warning C4251: 'Smile::Layer::m_DebugName': class 'std::basic_string<char,std::char_traits<char>,std::allocator<char>>' needs to have dll-interface to be used by clients of class 'Smile::Layer'
C:\Program Files (x86)\Microsoft Visual Studio\2019\Enterprise\VC\Tools\MSVC\14.28.29910\include\xstring(4648): message : see declaration of 'std::basic_string<char,std::char_traits<char>,std::allocator<char>>'
C:\dev\SmileEngine\SmileEngine\src\SmileEngine\LayerStack.h(29,32): warning C4251: 'Smile::LayerStack::m_pLayers': class 'std::vector<Smile::Layer *,std::allocator<Smile::Layer *>>' needs to have dll-interface to be used by clients of class 'Smile::LayerStack'
C:\dev\SmileEngine\SmileEngine\src\SmileEngine\LayerStack.h(24): message : see declaration of 'std::vector<Smile::Layer *,std::allocator<Smile::Layer *>>'
C:\dev\SmileEngine\SmileEngine\src\SmileEngine\SmileGame.h(34,36): warning C4251: 'Smile::SmileGame::m_pWindow': class 'std::unique_ptr<Smile::Window,std::default_delete<Smile::Window>>' needs to have dll-interface to be used by clients of class 'Smile::SmileGame'
C:\dev\SmileEngine\SmileEngine\src\SmileEngine\SmileGame.h(34): message : see declaration of 'std::unique_ptr<Smile::Window,std::default_delete<Smile::Window>>'
C:\dev\SmileEngine\SmileEngine\src\SmileEngine\Logger.h(82,28): warning C4251: 'Smile::Logger::m_Mutex': class 'std::mutex' needs to have dll-interface to be used by clients of class 'Smile::Logger'
C:\Program Files (x86)\Microsoft Visual Studio\2019\Enterprise\VC\Tools\MSVC\14.28.29910\include\mutex(87): message : see declaration of 'std::mutex'
  RenderTarget.cpp
C:\dev\SmileEngine\SmileEngine\src\SmileEngine\Logger.h(82,28): warning C4251: 'Smile::Logger::m_Mutex': class 'std::mutex' needs to have dll-interface to be used by clients of class 'Smile::Logger'
C:\Program Files (x86)\Microsoft Visual Studio\2019\Enterprise\VC\Tools\MSVC\14.28.29910\include\mutex(87): message : see declaration of 'std::mutex'
  DirectX11Context.cpp
C:\dev\SmileEngine\SmileEngine\src\SmileEngine\Logger.h(82,28): warning C4251: 'Smile::Logger::m_Mutex': class 'std::mutex' needs to have dll-interface to be used by clients of class 'Smile::Logger'
C:\Program Files (x86)\Microsoft Visual Studio\2019\Enterprise\VC\Tools\MSVC\14.28.29910\include\mutex(87): message : see declaration of 'std::mutex'
C:\dev\SmileEngine\SmileEngine\src\Platform\DirectX11\DirectX11Context.cpp(222,23): warning C4101: 'pVertexShader': unreferenced local variable
  LayerStack.cpp
C:\dev\SmileEngine\SmileEngine\src\SmileEngine\Layer.h(23,26): warning C4251: 'Smile::Layer::m_DebugName': class 'std::basic_string<char,std::char_traits<char>,std::allocator<char>>' needs to have dll-interface to be used by clients of class 'Smile::Layer'
C:\Program Files (x86)\Microsoft Visual Studio\2019\Enterprise\VC\Tools\MSVC\14.28.29910\include\xstring(4648): message : see declaration of 'std::basic_string<char,std::char_traits<char>,std::allocator<char>>'
C:\dev\SmileEngine\SmileEngine\src\SmileEngine\LayerStack.h(29,32): warning C4251: 'Smile::LayerStack::m_pLayers': class 'std::vector<Smile::Layer *,std::allocator<Smile::Layer *>>' needs to have dll-interface to be used by clients of class 'Smile::LayerStack'
C:\dev\SmileEngine\SmileEngine\src\SmileEngine\LayerStack.h(24): message : see declaration of 'std::vector<Smile::Layer *,std::allocator<Smile::Layer *>>'
  Layer.cpp
C:\dev\SmileEngine\SmileEngine\src\SmileEngine\Layer.h(23,26): warning C4251: 'Smile::Layer::m_DebugName': class 'std::basic_string<char,std::char_traits<char>,std::allocator<char>>' needs to have dll-interface to be used by clients of class 'Smile::Layer'
C:\Program Files (x86)\Microsoft Visual Studio\2019\Enterprise\VC\Tools\MSVC\14.28.29910\include\xstring(4648): message : see declaration of 'std::basic_string<char,std::char_traits<char>,std::allocator<char>>'
  Logger.cpp
C:\dev\SmileEngine\SmileEngine\src\SmileEngine\Logger.h(82,28): warning C4251: 'Smile::Logger::m_Mutex': class 'std::mutex' needs to have dll-interface to be used by clients of class 'Smile::Logger'
C:\Program Files (x86)\Microsoft Visual Studio\2019\Enterprise\VC\Tools\MSVC\14.28.29910\include\mutex(87): message : see declaration of 'std::mutex'
  SmileGame.cpp
C:\dev\SmileEngine\SmileEngine\src\SmileEngine\Layer.h(23,26): warning C4251: 'Smile::Layer::m_DebugName': class 'std::basic_string<char,std::char_traits<char>,std::allocator<char>>' needs to have dll-interface to be used by clients of class 'Smile::Layer'
C:\Program Files (x86)\Microsoft Visual Studio\2019\Enterprise\VC\Tools\MSVC\14.28.29910\include\xstring(4648): message : see declaration of 'std::basic_string<char,std::char_traits<char>,std::allocator<char>>'
C:\dev\SmileEngine\SmileEngine\src\SmileEngine\LayerStack.h(29,32): warning C4251: 'Smile::LayerStack::m_pLayers': class 'std::vector<Smile::Layer *,std::allocator<Smile::Layer *>>' needs to have dll-interface to be used by clients of class 'Smile::LayerStack'
C:\dev\SmileEngine\SmileEngine\src\SmileEngine\LayerStack.h(24): message : see declaration of 'std::vector<Smile::Layer *,std::allocator<Smile::Layer *>>'
C:\dev\SmileEngine\SmileEngine\src\SmileEngine\SmileGame.h(34,36): warning C4251: 'Smile::SmileGame::m_pWindow': class 'std::unique_ptr<Smile::Window,std::default_delete<Smile::Window>>' needs to have dll-interface to be used by clients of class 'Smile::SmileGame'
C:\dev\SmileEngine\SmileEngine\src\SmileEngine\SmileGame.h(34): message : see declaration of 'std::unique_ptr<Smile::Window,std::default_delete<Smile::Window>>'
C:\dev\SmileEngine\SmileEngine\src\SmileEngine\Logger.h(82,28): warning C4251: 'Smile::Logger::m_Mutex': class 'std::mutex' needs to have dll-interface to be used by clients of class 'Smile::Logger'
C:\Program Files (x86)\Microsoft Visual Studio\2019\Enterprise\VC\Tools\MSVC\14.28.29910\include\mutex(87): message : see declaration of 'std::mutex'
  SmTime.cpp
  WindowsWindow.cpp
C:\dev\SmileEngine\SmileEngine\src\SmileEngine\Logger.h(82,28): warning C4251: 'Smile::Logger::m_Mutex': class 'std::mutex' needs to have dll-interface to be used by clients of class 'Smile::Logger'
C:\Program Files (x86)\Microsoft Visual Studio\2019\Enterprise\VC\Tools\MSVC\14.28.29910\include\mutex(87): message : see declaration of 'std::mutex'
  WindowsInput.cpp
C:\dev\SmileEngine\SmileEngine\src\SmileEngine\Layer.h(23,26): warning C4251: 'Smile::Layer::m_DebugName': class 'std::basic_string<char,std::char_traits<char>,std::allocator<char>>' needs to have dll-interface to be used by clients of class 'Smile::Layer'
C:\Program Files (x86)\Microsoft Visual Studio\2019\Enterprise\VC\Tools\MSVC\14.28.29910\include\xstring(4648): message : see declaration of 'std::basic_string<char,std::char_traits<char>,std::allocator<char>>'
C:\dev\SmileEngine\SmileEngine\src\SmileEngine\LayerStack.h(29,32): warning C4251: 'Smile::LayerStack::m_pLayers': class 'std::vector<Smile::Layer *,std::allocator<Smile::Layer *>>' needs to have dll-interface to be used by clients of class 'Smile::LayerStack'
C:\dev\SmileEngine\SmileEngine\src\SmileEngine\LayerStack.h(24): message : see declaration of 'std::vector<Smile::Layer *,std::allocator<Smile::Layer *>>'
C:\dev\SmileEngine\SmileEngine\src\SmileEngine\SmileGame.h(34,36): warning C4251: 'Smile::SmileGame::m_pWindow': class 'std::unique_ptr<Smile::Window,std::default_delete<Smile::Window>>' needs to have dll-interface to be used by clients of class 'Smile::SmileGame'
C:\dev\SmileEngine\SmileEngine\src\SmileEngine\SmileGame.h(34): message : see declaration of 'std::unique_ptr<Smile::Window,std::default_delete<Smile::Window>>'
  Generating Code...
     Creating library C:\dev\SmileEngine\bin\Debug-Win32\SmileEngine\SmileEngine.lib and object C:\dev\SmileEngine\bin\Debug-Win32\SmileEngine\SmileEngine.exp
DirectX11Context.obj : error LNK2019: unresolved external symbol _D3DX11CompileEffectFromFile referenced in function "public: virtual void __thiscall Smile::DirectX11Context::DrawTestTriangle(void)" (?DrawTestTriangle@DirectX11Context@Smile@@UAEXXZ)
C:\dev\SmileEngine\Libs\dx11effects\x64\dx11effects_d.lib : warning LNK4272: library machine type 'x64' conflicts with target machine type 'x86'
C:\dev\SmileEngine\bin\Debug-Win32\SmileEngine\SmileEngine.dll : fatal error LNK1120: 1 unresolved externals
