C:\Program Files (x86)\Microsoft Visual Studio\2019\Enterprise\MSBuild\Current\Bin\Microsoft.Common.CurrentVersion.targets(1967,5): warning : The referenced project '..\SmileEngine\SmileEngine.vcxproj' does not exist.
  main_game.cpp
     Creating library C:\dev\SmileEngine\build\bin\Debug-x64\smile-project\smile-project.lib and object C:\dev\SmileEngine\build\bin\Debug-x64\smile-project\smile-project.exp
dx11effects_d.lib(d3dxGlobal.obj) : warning LNK4099: PDB '' was not found with 'dx11effects_d.lib(d3dxGlobal.obj)' or at ''; linking object as if no debug info
dx11effects_d.lib(EffectAPI.obj) : warning LNK4099: PDB 'Effects11d.pdb' was not found with 'dx11effects_d.lib(EffectAPI.obj)' or at 'C:\dev\SmileEngine\build\bin\Debug-x64\smile-project\Effects11d.pdb'; linking object as if no debug info
dx11effects_d.lib(EffectLoad.obj) : warning LNK4099: PDB 'Effects11d.pdb' was not found with 'dx11effects_d.lib(EffectLoad.obj)' or at 'C:\dev\SmileEngine\build\bin\Debug-x64\smile-project\Effects11d.pdb'; linking object as if no debug info
dx11effects_d.lib(EffectNonRuntime.obj) : warning LNK4099: PDB 'Effects11d.pdb' was not found with 'dx11effects_d.lib(EffectNonRuntime.obj)' or at 'C:\dev\SmileEngine\build\bin\Debug-x64\smile-project\Effects11d.pdb'; linking object as if no debug info
dx11effects_d.lib(EffectReflection.obj) : warning LNK4099: PDB 'Effects11d.pdb' was not found with 'dx11effects_d.lib(EffectReflection.obj)' or at 'C:\dev\SmileEngine\build\bin\Debug-x64\smile-project\Effects11d.pdb'; linking object as if no debug info
dx11effects_d.lib(EffectRuntime.obj) : warning LNK4099: PDB 'Effects11d.pdb' was not found with 'dx11effects_d.lib(EffectRuntime.obj)' or at 'C:\dev\SmileEngine\build\bin\Debug-x64\smile-project\Effects11d.pdb'; linking object as if no debug info
  smile-project.vcxproj -> C:\dev\SmileEngine\build\bin\Debug-x64\smile-project\smile-project.exe
  C:\dev\SmileEngine\Thirdparty\assimp\x64\assimp-vc140-mt.dll
  1 File(s) copied
  C:\dev\SmileEngine\Thirdparty\assimp\x64\zlib1.dll
  1 File(s) copied
  C:\dev\SmileEngine\Thirdparty\PhysX\lib\Debug\PhysX_64.dll
  1 File(s) copied
  C:\dev\SmileEngine\Thirdparty\PhysX\lib\Debug\PhysXCommon_64.dll
  1 File(s) copied
  C:\dev\SmileEngine\Thirdparty\PhysX\lib\Debug\PhysXCooking_64.dll
  1 File(s) copied
  C:\dev\SmileEngine\Thirdparty\PhysX\lib\Debug\PhysXFoundation_64.dll
  1 File(s) copied
