c:\dev\smileengine\build\bin\release-x64\smileraster\smileraster.pdb
c:\dev\smileengine\build\bin-int\release-x64\smileraster\glm.obj
c:\dev\smileengine\build\bin-int\release-x64\smileraster\devicecontext.cu.obj
c:\dev\smileengine\build\bin-int\release-x64\smileraster\finerasterizer.cu.obj
c:\dev\smileengine\build\bin-int\release-x64\smileraster\inputassembler.cu.obj
c:\dev\smileengine\build\bin-int\release-x64\smileraster\primitiveassembler.cu.obj
c:\dev\smileengine\build\bin-int\release-x64\smileraster\pixelshader.cu.obj
c:\dev\smileengine\build\bin-int\release-x64\smileraster\binrasterizer.cu.obj
c:\dev\smileengine\build\bin-int\release-x64\smileraster\rasterizerstage.cu.obj
c:\dev\smileengine\build\bin-int\release-x64\smileraster\vertexshader.cu.obj
c:\dev\smileengine\build\bin-int\release-x64\smileraster\rasterizer.cu.obj
c:\dev\smileengine\build\bin\release-x64\smileraster\smileraster.lib
c:\dev\smileengine\build\bin-int\release-x64\smileraster\binrasterizer.cu.cache
c:\dev\smileengine\build\bin-int\release-x64\smileraster\devicecontext.cu.cache
c:\dev\smileengine\build\bin-int\release-x64\smileraster\finerasterizer.cu.cache
c:\dev\smileengine\build\bin-int\release-x64\smileraster\inputassembler.cu.cache
c:\dev\smileengine\build\bin-int\release-x64\smileraster\pixelshader.cu.cache
c:\dev\smileengine\build\bin-int\release-x64\smileraster\primitiveassembler.cu.cache
c:\dev\smileengine\build\bin-int\release-x64\smileraster\rasterizer.cu.cache
c:\dev\smileengine\build\bin-int\release-x64\smileraster\rasterizerstage.cu.cache
c:\dev\smileengine\build\bin-int\release-x64\smileraster\vertexshader.cu.cache
c:\dev\smileengine\build\bin-int\release-x64\smileraster\smileraster.tlog\cl.command.1.tlog
c:\dev\smileengine\build\bin-int\release-x64\smileraster\smileraster.tlog\cl.read.1.tlog
c:\dev\smileengine\build\bin-int\release-x64\smileraster\smileraster.tlog\cl.write.1.tlog
c:\dev\smileengine\build\bin-int\release-x64\smileraster\smileraster.tlog\cudacompile.read.1u.tlog
c:\dev\smileengine\build\bin-int\release-x64\smileraster\smileraster.tlog\cudacompile.write.1u.tlog
c:\dev\smileengine\build\bin-int\release-x64\smileraster\smileraster.tlog\lib-link.read.1.tlog
c:\dev\smileengine\build\bin-int\release-x64\smileraster\smileraster.tlog\lib-link.write.1.tlog
c:\dev\smileengine\build\bin-int\release-x64\smileraster\smileraster.tlog\lib.command.1.tlog
