c:\dev\smileengine\bin-int\debug-x64\smileproject\vc142.pdb
c:\dev\smileengine\bin-int\debug-x64\smileproject\vc142.idb
c:\dev\smileengine\bin-int\debug-x64\smileproject\sandboxapp.obj
c:\dev\smileengine\bin-int\debug-x64\smileproject\main.obj
c:\dev\smileengine\bin\debug-x64\smileproject\smileproject.pdb
c:\dev\smileengine\bin-int\debug-x64\smileproject\smileproject.tlog\cl.command.1.tlog
c:\dev\smileengine\bin-int\debug-x64\smileproject\smileproject.tlog\cl.read.1.tlog
c:\dev\smileengine\bin-int\debug-x64\smileproject\smileproject.tlog\cl.write.1.tlog
c:\dev\smileengine\bin-int\debug-x64\smileproject\smileproject.tlog\link-cvtres.read.1.tlog
c:\dev\smileengine\bin-int\debug-x64\smileproject\smileproject.tlog\link-cvtres.write.1.tlog
c:\dev\smileengine\bin-int\debug-x64\smileproject\smileproject.tlog\link-rc.read.1.tlog
c:\dev\smileengine\bin-int\debug-x64\smileproject\smileproject.tlog\link-rc.write.1.tlog
c:\dev\smileengine\bin-int\debug-x64\smileproject\smileproject.tlog\link.3396-cvtres.read.1.tlog
c:\dev\smileengine\bin-int\debug-x64\smileproject\smileproject.tlog\link.3396-cvtres.write.1.tlog
c:\dev\smileengine\bin-int\debug-x64\smileproject\smileproject.tlog\link.3396-rc.read.1.tlog
c:\dev\smileengine\bin-int\debug-x64\smileproject\smileproject.tlog\link.3396-rc.write.1.tlog
c:\dev\smileengine\bin-int\debug-x64\smileproject\smileproject.tlog\link.3396.read.1.tlog
c:\dev\smileengine\bin-int\debug-x64\smileproject\smileproject.tlog\link.3396.write.1.tlog
c:\dev\smileengine\bin-int\debug-x64\smileproject\smileproject.tlog\link.command.1.tlog
c:\dev\smileengine\bin-int\debug-x64\smileproject\smileproject.tlog\link.read.1.tlog
c:\dev\smileengine\bin-int\debug-x64\smileproject\smileproject.tlog\link.write.1.tlog
